******************************************************************************
                  MSP430 Linker PC v4.4.5                      
******************************************************************************
>> Linked Tue Feb 14 19:23:49 2017

OUTPUT FILE NAME:   <Musica.out>
ENTRY POINT SYMBOL: "_c_int00_noargs_noexit"  address: 0000d232


MEMORY CONFIGURATION

         name            origin    length      used     unused   attr    fill
----------------------  --------  ---------  --------  --------  ----  --------
  SFR                   00000000   00000010  00000000  00000010  RWIX
  PERIPHERALS_8BIT      00000010   000000f0  00000000  000000f0  RWIX
  PERIPHERALS_16BIT     00000100   00000100  00000000  00000100  RWIX
  RAM                   00000200   00000200  00000073  0000018d  RWIX
  INFOD                 00001000   00000040  00000000  00000040  RWIX
  INFOC                 00001040   00000040  00000000  00000040  RWIX
  INFOB                 00001080   00000040  00000000  00000040  RWIX
  INFOA                 000010c0   00000040  00000000  00000040  RWIX
  FLASH                 0000c000   00003fde  00001bd0  0000240e  RWIX
  BSLSIGNATURE          0000ffde   00000002  00000002  00000000  RWIX  ffff 
  INT00                 0000ffe0   00000002  00000002  00000000  RWIX
  INT01                 0000ffe2   00000002  00000000  00000002  RWIX
  INT02                 0000ffe4   00000002  00000002  00000000  RWIX
  INT03                 0000ffe6   00000002  00000002  00000000  RWIX
  INT04                 0000ffe8   00000002  00000000  00000002  RWIX
  INT05                 0000ffea   00000002  00000002  00000000  RWIX
  INT06                 0000ffec   00000002  00000002  00000000  RWIX
  INT07                 0000ffee   00000002  00000002  00000000  RWIX
  INT08                 0000fff0   00000002  00000002  00000000  RWIX
  INT09                 0000fff2   00000002  00000002  00000000  RWIX
  INT10                 0000fff4   00000002  00000002  00000000  RWIX
  INT11                 0000fff6   00000002  00000002  00000000  RWIX
  INT12                 0000fff8   00000002  00000002  00000000  RWIX
  INT13                 0000fffa   00000002  00000002  00000000  RWIX
  INT14                 0000fffc   00000002  00000002  00000000  RWIX
  RESET                 0000fffe   00000002  00000002  00000000  RWIX


SECTION ALLOCATION MAP

 output                                  attributes/
section   page    origin      length       input sections
--------  ----  ----------  ----------   ----------------
.bss       0    00000200    00000023     UNINITIALIZED
                  00000200    00000018     (.common:g_sContext)
                  00000218    00000002     (.common:Lcd_ScreenHeigth)
                  0000021a    00000002     (.common:Lcd_ScreenWidth)
                  0000021c    00000002     (.common:Lcd_TouchTrim)
                  0000021e    00000001     (.common:Lcd_FlagRead)
                  0000021f    00000001     (.common:Lcd_FontSolid)
                  00000220    00000001     (.common:Lcd_Orientation)
                  00000221    00000001     (.common:Lcd_PenSolid)
                  00000222    00000001     (.common:estado)

.stack     0    000003b0    00000050     UNINITIALIZED
                  000003b0    00000002     rts430_eabi.lib : boot.obj (.stack)
                  000003b2    0000004e     --HOLE--

.text      0    0000c000    0000135e     
                  0000c000    000007ba     grlib_MKII.lib : string.obj (.text:Graphics_drawString)
                  0000c7ba    0000014e     Crystalfontz128x128_ST7735.obj (.text:Crystalfontz128x128_PixelDrawMultiple)
                  0000c908    0000013a     Crystalfontz128x128_ST7735.obj (.text:Crystalfontz128x128_Init)
                  0000ca42    000000de     grlib_MKII.lib : line.obj (.text:Graphics_drawLineH)
                  0000cb20    000000d6     main.obj (.text:pantalla_inicial)
                  0000cbf6    000000c0     main.obj (.text:conf_reloj)
                  0000ccb6    000000ae     Crystalfontz128x128_ST7735.obj (.text:Crystalfontz128x128_SetDrawFrame)
                  0000cd64    0000008e     main.obj (.text:main)
                  0000cdf2    00000062     Crystalfontz128x128_ST7735.obj (.text:Crystalfontz128x128_RectFill)
                  0000ce54    0000005c     rts430_eabi.lib : lsr32.obj (.text:l_lsr_const)
                  0000ceb0    00000058                     : autoinit.obj (.text:_auto_init)
                  0000cf08    00000052     grlib_MKII.lib : string.obj (.text:Graphics_getNumberOfLeadingZeros)
                  0000cf5a    0000004c     rts430_eabi.lib : lsr16.obj (.text)
                  0000cfa6    00000046     Crystalfontz128x128_ST7735.obj (.text:Crystalfontz128x128_ColorTranslate)
                  0000cfec    00000046     Crystalfontz128x128_ST7735.obj (.text:Crystalfontz128x128_SetOrientation)
                  0000d032    00000040     Crystalfontz128x128_ST7735.obj (.text:Crystalfontz128x128_LineDrawV)
                  0000d072    00000040     grlib_MKII.lib : context.obj (.text:Graphics_initContext)
                  0000d0b2    00000040     HAL_MSP430G2_Crystalfontz128x128_ST7735.obj (.text:HAL_LCD_SpiInit)
                  0000d0f2    0000003e     Crystalfontz128x128_ST7735.obj (.text:Crystalfontz128x128_LineDrawH)
                  0000d130    00000030     Crystalfontz128x128_ST7735.obj (.text:Crystalfontz128x128_ClearScreen)
                  0000d160    0000002e     Crystalfontz128x128_ST7735.obj (.text:Crystalfontz128x128_PixelDraw)
                  0000d18e    0000002c     HAL_MSP430G2_Crystalfontz128x128_ST7735.obj (.text:HAL_LCD_PortInit)
                  0000d1ba    0000002c     rts430_eabi.lib : asr16.obj (.text)
                  0000d1e6    0000002c                     : lsl16.obj (.text)
                  0000d212    00000020     HAL_MSP430G2_Crystalfontz128x128_ST7735.obj (.text:HAL_LCD_writeCommand)
                  0000d232    0000001a     rts430_eabi.lib : boot_special.obj (.text:_c_int00_noargs_noexit)
                  0000d24c    00000018     grlib_MKII.lib : display.obj (.text:Graphics_drawHorizontalLineOnDisplay)
                  0000d264    00000018                    : context.obj (.text:Graphics_setBackgroundColor)
                  0000d27c    00000018                    : context.obj (.text:Graphics_setForegroundColor)
                  0000d294    00000018     HAL_MSP430G2_Crystalfontz128x128_ST7735.obj (.text:HAL_LCD_writeData)
                  0000d2ac    00000014     rts430_eabi.lib : copy_zero_init.obj (.text:decompress:ZI:__TI_zero_init)
                  0000d2c0    00000014                     : mult16.obj (.text)
                  0000d2d4    00000012                     : memcpy.obj (.text:memcpy)
                  0000d2e6    00000010     grlib_MKII.lib : context.obj (.text:Graphics_clearDisplay)
                  0000d2f6    00000010     rts430_eabi.lib : epilog.obj (.text)
                  0000d306    0000000e     main.obj (.text:reproducir)
                  0000d314    0000000c     grlib_MKII.lib : display.obj (.text:Graphics_clearDisplayOnDisplay)
                  0000d320    0000000c                    : display.obj (.text:Graphics_drawPixelOnDisplay)
                  0000d32c    0000000c                    : display.obj (.text:Graphics_translateColorOnDisplay)
                  0000d338    00000008     main.obj (.text:ConvertidorAD)
                  0000d340    00000008     main.obj (.text:TIMER1_A0_ISR_HOOK)
                  0000d348    00000006     grlib_MKII.lib : context.obj (.text:Graphics_setFont)
                  0000d34e    00000006     rts430_eabi.lib : isr_trap.obj (.text:_isr:__TI_ISR_TRAP)
                  0000d354    00000004                     : pre_init.obj (.text:_system_pre_init)
                  0000d358    00000004                     : exit.obj (.text:abort)
                  0000d35c    00000002     Crystalfontz128x128_ST7735.obj (.text:Crystalfontz128x128_Flush)

.const     0    0000d35e    00000868     
                  0000d35e    00000755     grlib_MKII.lib : fontcm16b.obj (.const:.string:g_pucCm16bData)
                  0000dab3    00000001     --HOLE-- [fill = 0]
                  0000dab4    000000c6                    : fontcm16b.obj (.const)
                  0000db7a    0000002a     main.obj (.const:.string)
                  0000dba4    00000022     Crystalfontz128x128_ST7735.obj (.const)

.cinit     0    0000dbc6    0000000a     
                  0000dbc6    00000004     (.cinit..bss.load) [load image, compression = zero_init]
                  0000dbca    00000002     (__TI_handler_table)
                  0000dbcc    00000004     (__TI_cinit_table)

.init_array 
*          0    0000c000    00000000     UNINITIALIZED

TRAPINT    0    0000ffe0    00000002     
                  0000ffe0    00000002     rts430_eabi.lib : int00.obj (.int00)

$fill000   0    0000ffde    00000002     
                  0000ffde    00000002     --HOLE-- [fill = ffff]

PORT1      0    0000ffe4    00000002     
                  0000ffe4    00000002     rts430_eabi.lib : int02.obj (.int02)

PORT2      0    0000ffe6    00000002     
                  0000ffe6    00000002     rts430_eabi.lib : int03.obj (.int03)

ADC10      0    0000ffea    00000002     
                  0000ffea    00000002     main.obj (.int05)

USCIAB0TX 
*          0    0000ffec    00000002     
                  0000ffec    00000002     rts430_eabi.lib : int06.obj (.int06)

USCIAB0RX 
*          0    0000ffee    00000002     
                  0000ffee    00000002     rts430_eabi.lib : int07.obj (.int07)

TIMER0_A1 
*          0    0000fff0    00000002     
                  0000fff0    00000002     rts430_eabi.lib : int08.obj (.int08)

TIMER0_A0 
*          0    0000fff2    00000002     
                  0000fff2    00000002     rts430_eabi.lib : int09.obj (.int09)

WDT        0    0000fff4    00000002     
                  0000fff4    00000002     rts430_eabi.lib : int10.obj (.int10)

COMPARATORA 
*          0    0000fff6    00000002     
                  0000fff6    00000002     rts430_eabi.lib : int11.obj (.int11)

TIMER1_A1 
*          0    0000fff8    00000002     
                  0000fff8    00000002     rts430_eabi.lib : int12.obj (.int12)

TIMER1_A0 
*          0    0000fffa    00000002     
                  0000fffa    00000002     main.obj (.int13)

NMI        0    0000fffc    00000002     
                  0000fffc    00000002     rts430_eabi.lib : int14.obj (.int14)

.reset     0    0000fffe    00000002     
                  0000fffe    00000002     rts430_eabi.lib : boot.obj (.reset)


LINKER GENERATED COPY TABLES

__TI_cinit_table @ 0000dbcc records: 1, size/record: 4, table size: 4
	.bss: load addr=0000dbc6, load size=00000004 bytes, run addr=00000200, run size=00000023 bytes, compression=zero_init


LINKER GENERATED HANDLER TABLE

__TI_handler_table @ 0000dbca records: 1, size/record: 2, table size: 2
	index: 0, handler: __TI_zero_init


GLOBAL SYMBOLS: SORTED ALPHABETICALLY BY Name 

address   name                                
-------   ----                                
0000004a  ADC10AE0                            
000001b0  ADC10CTL0                           
000001b2  ADC10CTL1                           
00000048  ADC10DTC0                           
00000049  ADC10DTC1                           
000001b4  ADC10MEM                            
000001bc  ADC10SA                             
00000057  BCSCTL1                             
00000058  BCSCTL2                             
00000053  BCSCTL3                             
0000d358  C$$EXIT                             
00000059  CACTL1                              
0000005a  CACTL2                              
000010fb  CALBC1_12MHZ                        
000010f9  CALBC1_16MHZ                        
000010ff  CALBC1_1MHZ                         
000010fd  CALBC1_8MHZ                         
000010fa  CALDCO_12MHZ                        
000010f8  CALDCO_16MHZ                        
000010fe  CALDCO_1MHZ                         
000010fc  CALDCO_8MHZ                         
0000005b  CAPD                                
0000d338  ConvertidorAD                       
0000c908  Crystalfontz128x128_Init            
0000ccb6  Crystalfontz128x128_SetDrawFrame    
0000cfec  Crystalfontz128x128_SetOrientation  
00000056  DCOCTL                              
00000128  FCTL1                               
0000012a  FCTL2                               
0000012c  FCTL3                               
0000d2e6  Graphics_clearDisplay               
0000d314  Graphics_clearDisplayOnDisplay      
0000d24c  Graphics_drawHorizontalLineOnDisplay
0000ca42  Graphics_drawLineH                  
0000d320  Graphics_drawPixelOnDisplay         
0000c000  Graphics_drawString                 
0000d072  Graphics_initContext                
0000d264  Graphics_setBackgroundColor         
0000d348  Graphics_setFont                    
0000d27c  Graphics_setForegroundColor         
0000d32c  Graphics_translateColorOnDisplay    
0000d18e  HAL_LCD_PortInit                    
0000d0b2  HAL_LCD_SpiInit                     
0000d212  HAL_LCD_writeCommand                
0000d294  HAL_LCD_writeData                   
00000000  IE1                                 
00000001  IE2                                 
00000002  IFG1                                
00000003  IFG2                                
0000021e  Lcd_FlagRead                        
0000021f  Lcd_FontSolid                       
00000220  Lcd_Orientation                     
00000221  Lcd_PenSolid                        
00000218  Lcd_ScreenHeigth                    
0000021a  Lcd_ScreenWidth                     
0000021c  Lcd_TouchTrim                       
00000022  P1DIR                               
00000025  P1IE                                
00000024  P1IES                               
00000023  P1IFG                               
00000020  P1IN                                
00000021  P1OUT                               
00000027  P1REN                               
00000026  P1SEL                               
00000041  P1SEL2                              
0000002a  P2DIR                               
0000002d  P2IE                                
0000002c  P2IES                               
0000002b  P2IFG                               
00000028  P2IN                                
00000029  P2OUT                               
0000002f  P2REN                               
0000002e  P2SEL                               
00000042  P2SEL2                              
0000001a  P3DIR                               
00000018  P3IN                                
00000019  P3OUT                               
00000010  P3REN                               
0000001b  P3SEL                               
00000043  P3SEL2                              
00000172  TA0CCR0                             
00000174  TA0CCR1                             
00000176  TA0CCR2                             
00000162  TA0CCTL0                            
00000164  TA0CCTL1                            
00000166  TA0CCTL2                            
00000160  TA0CTL                              
0000012e  TA0IV                               
00000170  TA0R                                
00000192  TA1CCR0                             
00000194  TA1CCR1                             
00000196  TA1CCR2                             
00000182  TA1CCTL0                            
00000184  TA1CCTL1                            
00000186  TA1CCTL2                            
00000180  TA1CTL                              
0000011e  TA1IV                               
00000190  TA1R                                
0000d340  TIMER1_A0_ISR_HOOK                  
000010db  TLV_ADC10_1_LEN                     
000010da  TLV_ADC10_1_TAG                     
000010c0  TLV_CHECKSUM                        
000010f7  TLV_DCO_30_LEN                      
000010f6  TLV_DCO_30_TAG                      
0000005d  UCA0ABCTL                           
00000062  UCA0BR0                             
00000063  UCA0BR1                             
00000060  UCA0CTL0                            
00000061  UCA0CTL1                            
0000005f  UCA0IRRCTL                          
0000005e  UCA0IRTCTL                          
00000064  UCA0MCTL                            
00000066  UCA0RXBUF                           
00000065  UCA0STAT                            
00000067  UCA0TXBUF                           
0000006a  UCB0BR0                             
0000006b  UCB0BR1                             
00000068  UCB0CTL0                            
00000069  UCB0CTL1                            
0000006c  UCB0I2CIE                           
00000118  UCB0I2COA                           
0000011a  UCB0I2CSA                           
0000006e  UCB0RXBUF                           
0000006d  UCB0STAT                            
0000006f  UCB0TXBUF                           
00000120  WDTCTL                              
00000400  __STACK_END                         
00000050  __STACK_SIZE                        
0000dbcc  __TI_CINIT_Base                     
0000dbd0  __TI_CINIT_Limit                    
0000dbca  __TI_Handler_Table_Base             
0000dbcc  __TI_Handler_Table_Limit            
UNDEFED   __TI_INITARRAY_Base                 
UNDEFED   __TI_INITARRAY_Limit                
0000d34e  __TI_ISR_TRAP                       
0000ffe0  __TI_int00                          
0000ffe4  __TI_int02                          
0000ffe6  __TI_int03                          
0000ffea  __TI_int05                          
0000ffec  __TI_int06                          
0000ffee  __TI_int07                          
0000fff0  __TI_int08                          
0000fff2  __TI_int09                          
0000fff4  __TI_int10                          
0000fff6  __TI_int11                          
0000fff8  __TI_int12                          
0000fffa  __TI_int13                          
0000fffc  __TI_int14                          
0000d2ac  __TI_zero_init                      
ffffffff  __binit__                           
ffffffff  __c_args__                          
0000d302  __mspabi_func_epilog_1              
0000d300  __mspabi_func_epilog_2              
0000d2fe  __mspabi_func_epilog_3              
0000d2fc  __mspabi_func_epilog_4              
0000d2fa  __mspabi_func_epilog_5              
0000d2f8  __mspabi_func_epilog_6              
0000d2f6  __mspabi_func_epilog_7              
0000d2c0  __mspabi_mpyi                       
0000d2c0  __mspabi_mpyi_sw                    
0000d1e6  __mspabi_slli                       
0000d20e  __mspabi_slli_1                     
0000d1fc  __mspabi_slli_10                    
0000d1fa  __mspabi_slli_11                    
0000d1f8  __mspabi_slli_12                    
0000d1f6  __mspabi_slli_13                    
0000d1f4  __mspabi_slli_14                    
0000d1f2  __mspabi_slli_15                    
0000d20c  __mspabi_slli_2                     
0000d20a  __mspabi_slli_3                     
0000d208  __mspabi_slli_4                     
0000d206  __mspabi_slli_5                     
0000d204  __mspabi_slli_6                     
0000d202  __mspabi_slli_7                     
0000d200  __mspabi_slli_8                     
0000d1fe  __mspabi_slli_9                     
0000d1ba  __mspabi_srai                       
0000d1e2  __mspabi_srai_1                     
0000d1d0  __mspabi_srai_10                    
0000d1ce  __mspabi_srai_11                    
0000d1cc  __mspabi_srai_12                    
0000d1ca  __mspabi_srai_13                    
0000d1c8  __mspabi_srai_14                    
0000d1c6  __mspabi_srai_15                    
0000d1e0  __mspabi_srai_2                     
0000d1de  __mspabi_srai_3                     
0000d1dc  __mspabi_srai_4                     
0000d1da  __mspabi_srai_5                     
0000d1d8  __mspabi_srai_6                     
0000d1d6  __mspabi_srai_7                     
0000d1d4  __mspabi_srai_8                     
0000d1d2  __mspabi_srai_9                     
0000cf5a  __mspabi_srli                       
0000cfa0  __mspabi_srli_1                     
0000cf7c  __mspabi_srli_10                    
0000cf78  __mspabi_srli_11                    
0000cf74  __mspabi_srli_12                    
0000cf70  __mspabi_srli_13                    
0000cf6c  __mspabi_srli_14                    
0000cf68  __mspabi_srli_15                    
0000cf9c  __mspabi_srli_2                     
0000cf98  __mspabi_srli_3                     
0000cf94  __mspabi_srli_4                     
0000cf90  __mspabi_srli_5                     
0000cf8c  __mspabi_srli_6                     
0000cf88  __mspabi_srli_7                     
0000cf84  __mspabi_srli_8                     
0000cf80  __mspabi_srli_9                     
0000cea8  __mspabi_srll_1                     
0000ce72  __mspabi_srll_10                    
0000ce6c  __mspabi_srll_11                    
0000ce66  __mspabi_srll_12                    
0000ce60  __mspabi_srll_13                    
0000ce5a  __mspabi_srll_14                    
0000ce54  __mspabi_srll_15                    
0000cea2  __mspabi_srll_2                     
0000ce9c  __mspabi_srll_3                     
0000ce96  __mspabi_srll_4                     
0000ce90  __mspabi_srll_5                     
0000ce8a  __mspabi_srll_6                     
0000ce84  __mspabi_srll_7                     
0000ce7e  __mspabi_srll_8                     
0000ce78  __mspabi_srll_9                     
0000ceb0  _auto_init                          
0000d232  _c_int00_noargs_noexit              
0000fffe  _reset_vector                       
000003b0  _stack                              
0000d354  _system_pre_init                    
0000d358  abort                               
ffffffff  binit                               
0000cbf6  conf_reloj                          
00000222  estado                              
00000200  g_sContext                          
0000dba4  g_sCrystalfontz128x128              
0000dab4  g_sFontCm16b                        
0000cd64  main                                
0000d2d4  memcpy                              
0000cb20  pantalla_inicial                    
0000d306  reproducir                          


GLOBAL SYMBOLS: SORTED BY Symbol Address 

address   name                                
-------   ----                                
00000000  IE1                                 
00000001  IE2                                 
00000002  IFG1                                
00000003  IFG2                                
00000010  P3REN                               
00000018  P3IN                                
00000019  P3OUT                               
0000001a  P3DIR                               
0000001b  P3SEL                               
00000020  P1IN                                
00000021  P1OUT                               
00000022  P1DIR                               
00000023  P1IFG                               
00000024  P1IES                               
00000025  P1IE                                
00000026  P1SEL                               
00000027  P1REN                               
00000028  P2IN                                
00000029  P2OUT                               
0000002a  P2DIR                               
0000002b  P2IFG                               
0000002c  P2IES                               
0000002d  P2IE                                
0000002e  P2SEL                               
0000002f  P2REN                               
00000041  P1SEL2                              
00000042  P2SEL2                              
00000043  P3SEL2                              
00000048  ADC10DTC0                           
00000049  ADC10DTC1                           
0000004a  ADC10AE0                            
00000050  __STACK_SIZE                        
00000053  BCSCTL3                             
00000056  DCOCTL                              
00000057  BCSCTL1                             
00000058  BCSCTL2                             
00000059  CACTL1                              
0000005a  CACTL2                              
0000005b  CAPD                                
0000005d  UCA0ABCTL                           
0000005e  UCA0IRTCTL                          
0000005f  UCA0IRRCTL                          
00000060  UCA0CTL0                            
00000061  UCA0CTL1                            
00000062  UCA0BR0                             
00000063  UCA0BR1                             
00000064  UCA0MCTL                            
00000065  UCA0STAT                            
00000066  UCA0RXBUF                           
00000067  UCA0TXBUF                           
00000068  UCB0CTL0                            
00000069  UCB0CTL1                            
0000006a  UCB0BR0                             
0000006b  UCB0BR1                             
0000006c  UCB0I2CIE                           
0000006d  UCB0STAT                            
0000006e  UCB0RXBUF                           
0000006f  UCB0TXBUF                           
00000118  UCB0I2COA                           
0000011a  UCB0I2CSA                           
0000011e  TA1IV                               
00000120  WDTCTL                              
00000128  FCTL1                               
0000012a  FCTL2                               
0000012c  FCTL3                               
0000012e  TA0IV                               
00000160  TA0CTL                              
00000162  TA0CCTL0                            
00000164  TA0CCTL1                            
00000166  TA0CCTL2                            
00000170  TA0R                                
00000172  TA0CCR0                             
00000174  TA0CCR1                             
00000176  TA0CCR2                             
00000180  TA1CTL                              
00000182  TA1CCTL0                            
00000184  TA1CCTL1                            
00000186  TA1CCTL2                            
00000190  TA1R                                
00000192  TA1CCR0                             
00000194  TA1CCR1                             
00000196  TA1CCR2                             
000001b0  ADC10CTL0                           
000001b2  ADC10CTL1                           
000001b4  ADC10MEM                            
000001bc  ADC10SA                             
00000200  g_sContext                          
00000218  Lcd_ScreenHeigth                    
0000021a  Lcd_ScreenWidth                     
0000021c  Lcd_TouchTrim                       
0000021e  Lcd_FlagRead                        
0000021f  Lcd_FontSolid                       
00000220  Lcd_Orientation                     
00000221  Lcd_PenSolid                        
00000222  estado                              
000003b0  _stack                              
00000400  __STACK_END                         
000010c0  TLV_CHECKSUM                        
000010da  TLV_ADC10_1_TAG                     
000010db  TLV_ADC10_1_LEN                     
000010f6  TLV_DCO_30_TAG                      
000010f7  TLV_DCO_30_LEN                      
000010f8  CALDCO_16MHZ                        
000010f9  CALBC1_16MHZ                        
000010fa  CALDCO_12MHZ                        
000010fb  CALBC1_12MHZ                        
000010fc  CALDCO_8MHZ                         
000010fd  CALBC1_8MHZ                         
000010fe  CALDCO_1MHZ                         
000010ff  CALBC1_1MHZ                         
0000c000  Graphics_drawString                 
0000c908  Crystalfontz128x128_Init            
0000ca42  Graphics_drawLineH                  
0000cb20  pantalla_inicial                    
0000cbf6  conf_reloj                          
0000ccb6  Crystalfontz128x128_SetDrawFrame    
0000cd64  main                                
0000ce54  __mspabi_srll_15                    
0000ce5a  __mspabi_srll_14                    
0000ce60  __mspabi_srll_13                    
0000ce66  __mspabi_srll_12                    
0000ce6c  __mspabi_srll_11                    
0000ce72  __mspabi_srll_10                    
0000ce78  __mspabi_srll_9                     
0000ce7e  __mspabi_srll_8                     
0000ce84  __mspabi_srll_7                     
0000ce8a  __mspabi_srll_6                     
0000ce90  __mspabi_srll_5                     
0000ce96  __mspabi_srll_4                     
0000ce9c  __mspabi_srll_3                     
0000cea2  __mspabi_srll_2                     
0000cea8  __mspabi_srll_1                     
0000ceb0  _auto_init                          
0000cf5a  __mspabi_srli                       
0000cf68  __mspabi_srli_15                    
0000cf6c  __mspabi_srli_14                    
0000cf70  __mspabi_srli_13                    
0000cf74  __mspabi_srli_12                    
0000cf78  __mspabi_srli_11                    
0000cf7c  __mspabi_srli_10                    
0000cf80  __mspabi_srli_9                     
0000cf84  __mspabi_srli_8                     
0000cf88  __mspabi_srli_7                     
0000cf8c  __mspabi_srli_6                     
0000cf90  __mspabi_srli_5                     
0000cf94  __mspabi_srli_4                     
0000cf98  __mspabi_srli_3                     
0000cf9c  __mspabi_srli_2                     
0000cfa0  __mspabi_srli_1                     
0000cfec  Crystalfontz128x128_SetOrientation  
0000d072  Graphics_initContext                
0000d0b2  HAL_LCD_SpiInit                     
0000d18e  HAL_LCD_PortInit                    
0000d1ba  __mspabi_srai                       
0000d1c6  __mspabi_srai_15                    
0000d1c8  __mspabi_srai_14                    
0000d1ca  __mspabi_srai_13                    
0000d1cc  __mspabi_srai_12                    
0000d1ce  __mspabi_srai_11                    
0000d1d0  __mspabi_srai_10                    
0000d1d2  __mspabi_srai_9                     
0000d1d4  __mspabi_srai_8                     
0000d1d6  __mspabi_srai_7                     
0000d1d8  __mspabi_srai_6                     
0000d1da  __mspabi_srai_5                     
0000d1dc  __mspabi_srai_4                     
0000d1de  __mspabi_srai_3                     
0000d1e0  __mspabi_srai_2                     
0000d1e2  __mspabi_srai_1                     
0000d1e6  __mspabi_slli                       
0000d1f2  __mspabi_slli_15                    
0000d1f4  __mspabi_slli_14                    
0000d1f6  __mspabi_slli_13                    
0000d1f8  __mspabi_slli_12                    
0000d1fa  __mspabi_slli_11                    
0000d1fc  __mspabi_slli_10                    
0000d1fe  __mspabi_slli_9                     
0000d200  __mspabi_slli_8                     
0000d202  __mspabi_slli_7                     
0000d204  __mspabi_slli_6                     
0000d206  __mspabi_slli_5                     
0000d208  __mspabi_slli_4                     
0000d20a  __mspabi_slli_3                     
0000d20c  __mspabi_slli_2                     
0000d20e  __mspabi_slli_1                     
0000d212  HAL_LCD_writeCommand                
0000d232  _c_int00_noargs_noexit              
0000d24c  Graphics_drawHorizontalLineOnDisplay
0000d264  Graphics_setBackgroundColor         
0000d27c  Graphics_setForegroundColor         
0000d294  HAL_LCD_writeData                   
0000d2ac  __TI_zero_init                      
0000d2c0  __mspabi_mpyi                       
0000d2c0  __mspabi_mpyi_sw                    
0000d2d4  memcpy                              
0000d2e6  Graphics_clearDisplay               
0000d2f6  __mspabi_func_epilog_7              
0000d2f8  __mspabi_func_epilog_6              
0000d2fa  __mspabi_func_epilog_5              
0000d2fc  __mspabi_func_epilog_4              
0000d2fe  __mspabi_func_epilog_3              
0000d300  __mspabi_func_epilog_2              
0000d302  __mspabi_func_epilog_1              
0000d306  reproducir                          
0000d314  Graphics_clearDisplayOnDisplay      
0000d320  Graphics_drawPixelOnDisplay         
0000d32c  Graphics_translateColorOnDisplay    
0000d338  ConvertidorAD                       
0000d340  TIMER1_A0_ISR_HOOK                  
0000d348  Graphics_setFont                    
0000d34e  __TI_ISR_TRAP                       
0000d354  _system_pre_init                    
0000d358  C$$EXIT                             
0000d358  abort                               
0000dab4  g_sFontCm16b                        
0000dba4  g_sCrystalfontz128x128              
0000dbca  __TI_Handler_Table_Base             
0000dbcc  __TI_CINIT_Base                     
0000dbcc  __TI_Handler_Table_Limit            
0000dbd0  __TI_CINIT_Limit                    
0000ffe0  __TI_int00                          
0000ffe4  __TI_int02                          
0000ffe6  __TI_int03                          
0000ffea  __TI_int05                          
0000ffec  __TI_int06                          
0000ffee  __TI_int07                          
0000fff0  __TI_int08                          
0000fff2  __TI_int09                          
0000fff4  __TI_int10                          
0000fff6  __TI_int11                          
0000fff8  __TI_int12                          
0000fffa  __TI_int13                          
0000fffc  __TI_int14                          
0000fffe  _reset_vector                       
ffffffff  __binit__                           
ffffffff  __c_args__                          
ffffffff  binit                               
UNDEFED   __TI_INITARRAY_Base                 
UNDEFED   __TI_INITARRAY_Limit                

[239 symbols]
