******************************************************************************
                  MSP430 Linker PC v4.4.5                      
******************************************************************************
>> Linked Sun Feb 19 19:38:56 2017

OUTPUT FILE NAME:   <Proyecto.out>
ENTRY POINT SYMBOL: "_c_int00_noargs_noexit"  address: 0000e292


MEMORY CONFIGURATION

         name            origin    length      used     unused   attr    fill
----------------------  --------  ---------  --------  --------  ----  --------
  SFR                   00000000   00000010  00000000  00000010  RWIX
  PERIPHERALS_8BIT      00000010   000000f0  00000000  000000f0  RWIX
  PERIPHERALS_16BIT     00000100   00000100  00000000  00000100  RWIX
  RAM                   00000200   00000200  000000aa  00000156  RWIX
  INFOD                 00001000   00000040  00000000  00000040  RWIX
  INFOC                 00001040   00000040  00000000  00000040  RWIX
  INFOB                 00001080   00000040  00000000  00000040  RWIX
  INFOA                 000010c0   00000040  00000000  00000040  RWIX
  FLASH                 0000c000   00003fde  00002d3d  000012a1  RWIX
  BSLSIGNATURE          0000ffde   00000002  00000002  00000000  RWIX  ffff 
  INT00                 0000ffe0   00000002  00000002  00000000  RWIX
  INT01                 0000ffe2   00000002  00000000  00000002  RWIX
  INT02                 0000ffe4   00000002  00000002  00000000  RWIX
  INT03                 0000ffe6   00000002  00000002  00000000  RWIX
  INT04                 0000ffe8   00000002  00000000  00000002  RWIX
  INT05                 0000ffea   00000002  00000002  00000000  RWIX
  INT06                 0000ffec   00000002  00000002  00000000  RWIX
  INT07                 0000ffee   00000002  00000002  00000000  RWIX
  INT08                 0000fff0   00000002  00000002  00000000  RWIX
  INT09                 0000fff2   00000002  00000002  00000000  RWIX
  INT10                 0000fff4   00000002  00000002  00000000  RWIX
  INT11                 0000fff6   00000002  00000002  00000000  RWIX
  INT12                 0000fff8   00000002  00000002  00000000  RWIX
  INT13                 0000fffa   00000002  00000002  00000000  RWIX
  INT14                 0000fffc   00000002  00000002  00000000  RWIX
  RESET                 0000fffe   00000002  00000002  00000000  RWIX


SECTION ALLOCATION MAP

 output                                  attributes/
section   page    origin      length       input sections
--------  ----  ----------  ----------   ----------------
.bss       0    00000200    00000047     UNINITIALIZED
                  00000200    00000018     (.common:g_sContext)
                  00000218    00000004     (.common:Luz)
                  0000021c    00000004     (.common:LuzRef)
                  00000220    00000004     (.common:dato)
                  00000224    00000002     (.common:BUFF_RX)
                  00000226    00000002     (.common:DeviceID)
                  00000228    00000002     (.common:Lcd_ScreenHeigth)
                  0000022a    00000002     (.common:Lcd_ScreenWidth)
                  0000022c    00000002     (.common:Lcd_TouchTrim)
                  0000022e    00000002     (.common:Nesc)
                  00000230    00000002     (.common:ejex)
                  00000232    00000002     (.common:ejey)
                  00000234    00000002     (.common:teclita)
                  00000236    00000002     (.common:xrep)
                  00000238    00000002     (.common:yrep)
                  0000023a    00000001     (.common:IE2_G)
                  0000023b    00000001     (.common:Lcd_FlagRead)
                  0000023c    00000001     (.common:Lcd_FontSolid)
                  0000023d    00000001     (.common:Lcd_Orientation)
                  0000023e    00000001     (.common:Lcd_PenSolid)
                  0000023f    00000001     (.common:Numdatos)
                  00000240    00000001     (.common:P1SEL2_G)
                  00000241    00000001     (.common:P1SEL_G)
                  00000242    00000001     (.common:UCB0BR0_G)
                  00000243    00000001     (.common:UCB0CTL0_G)
                  00000244    00000001     (.common:UCB0CTL1_G)
                  00000245    00000001     (.common:estado)
                  00000246    00000001     (.common:tec)

.data      0    00000248    00000013     UNINITIALIZED
                  00000248    00000004     MSP430_TMP_OPT.obj (.data)
                  0000024c    00000004     reproducir.obj (.data:circle1)
                  00000250    00000004     reproducir.obj (.data:circle2)
                  00000254    00000004     reproducir.obj (.data:circle3)
                  00000258    00000002     reproducir.obj (.data)
                  0000025a    00000001     main.obj (.data)

.TI.persistent 
*          0    00000248    00000000     UNINITIALIZED

.stack     0    000003b0    00000050     UNINITIALIZED
                  000003b0    00000002     rts430_eabi.lib : boot.obj (.stack)
                  000003b2    0000004e     --HOLE--

.text      0    0000c000    00002422     
                  0000c000    000007ba     grlib_MKII.lib : string.obj (.text:Graphics_drawString)
                  0000c7ba    000003be                    : circle.obj (.text:Graphics_fillCircle)
                  0000cb78    000002ba     reproducir.obj (.text:DibujaCirculos)
                  0000ce32    000001b0     main.obj (.text:teclado)
                  0000cfe2    0000014e     Crystalfontz128x128_ST7735.obj (.text:Crystalfontz128x128_PixelDrawMultiple)
                  0000d130    0000014e     reproducir.obj (.text:selectescala)
                  0000d27e    0000013a     Crystalfontz128x128_ST7735.obj (.text:Crystalfontz128x128_Init)
                  0000d3b8    00000128     main.obj (.text:pantalla_inicial)
                  0000d4e0    000000f4     main.obj (.text:main)
                  0000d5d4    000000de     grlib_MKII.lib : line.obj (.text:Graphics_drawLineH)
                  0000d6b2    000000c0     main.obj (.text:conf_reloj)
                  0000d772    000000b4     reproducir.obj (.text:asigna)
                  0000d826    000000ae     Crystalfontz128x128_ST7735.obj (.text:Crystalfontz128x128_SetDrawFrame)
                  0000d8d4    000000ae     MSP430_TMP_OPT.obj (.text:OPT3001_getLux)
                  0000d982    000000a6     MSP430_TMP_OPT.obj (.text:USCI0TX_ISR_HOOK)
                  0000da28    0000009a     main.obj (.text:joystick)
                  0000dac2    00000094     reproducir.obj (.text:asignajoy)
                  0000db56    00000064     rts430_eabi.lib : copy_decompress_rle.obj (.text:__TI_decompress_rle_core)
                  0000dbba    00000062     Crystalfontz128x128_ST7735.obj (.text:Crystalfontz128x128_RectFill)
                  0000dc1c    0000005c     rts430_eabi.lib : lsr32.obj (.text:l_lsr_const)
                  0000dc78    00000058                     : autoinit.obj (.text:_auto_init)
                  0000dcd0    00000058                     : div32u.obj (.text)
                  0000dd28    00000052     grlib_MKII.lib : string.obj (.text:Graphics_getNumberOfLeadingZeros)
                  0000dd7a    0000004c     rts430_eabi.lib : lsr16.obj (.text)
                  0000ddc6    00000046     Crystalfontz128x128_ST7735.obj (.text:Crystalfontz128x128_ColorTranslate)
                  0000de0c    00000046     Crystalfontz128x128_ST7735.obj (.text:Crystalfontz128x128_SetOrientation)
                  0000de52    00000046     uart_STDIO.obj (.text:UARTinit)
                  0000de98    00000046     reproducir.obj (.text:modfrec)
                  0000dede    00000040     Crystalfontz128x128_ST7735.obj (.text:Crystalfontz128x128_LineDrawV)
                  0000df1e    00000040     grlib_MKII.lib : context.obj (.text:Graphics_initContext)
                  0000df5e    00000040     HAL_MSP430G2_Crystalfontz128x128_ST7735.obj (.text:HAL_LCD_SpiInit)
                  0000df9e    0000003e     Crystalfontz128x128_ST7735.obj (.text:Crystalfontz128x128_LineDrawH)
                  0000dfdc    0000003e     rts430_eabi.lib : lsl32.obj (.text:l_lsl_const)
                  0000e01a    0000003c     MSP430_TMP_OPT.obj (.text:Conf_I2C_OPT3001)
                  0000e056    00000038     MSP430_TMP_OPT.obj (.text:Esc_OPT3001)
                  0000e08e    00000038     MSP430_TMP_OPT.obj (.text:Lee_OPT3001)
                  0000e0c6    00000032     main.obj (.text:LeerLuz)
                  0000e0f8    00000030     Crystalfontz128x128_ST7735.obj (.text:Crystalfontz128x128_ClearScreen)
                  0000e128    0000002e     Crystalfontz128x128_ST7735.obj (.text:Crystalfontz128x128_PixelDraw)
                  0000e156    0000002c     HAL_MSP430G2_Crystalfontz128x128_ST7735.obj (.text:HAL_LCD_PortInit)
                  0000e182    0000002c     rts430_eabi.lib : asr16.obj (.text)
                  0000e1ae    0000002c                     : lsl16.obj (.text)
                  0000e1da    00000026     MSP430_TMP_OPT.obj (.text:guarda_conf)
                  0000e200    00000026     main.obj (.text:lee_ch)
                  0000e226    00000026     MSP430_TMP_OPT.obj (.text:restaura_conf)
                  0000e24c    00000026     rts430_eabi.lib : mult32.obj (.text)
                  0000e272    00000020     HAL_MSP430G2_Crystalfontz128x128_ST7735.obj (.text:HAL_LCD_writeCommand)
                  0000e292    0000001a     rts430_eabi.lib : boot_special.obj (.text:_c_int00_noargs_noexit)
                  0000e2ac    00000018     grlib_MKII.lib : display.obj (.text:Graphics_drawHorizontalLineOnDisplay)
                  0000e2c4    00000018                    : context.obj (.text:Graphics_setBackgroundColor)
                  0000e2dc    00000018                    : context.obj (.text:Graphics_setForegroundColor)
                  0000e2f4    00000018     HAL_MSP430G2_Crystalfontz128x128_ST7735.obj (.text:HAL_LCD_writeData)
                  0000e30c    00000018     main.obj (.text:inicia_ADC)
                  0000e324    00000016     rts430_eabi.lib : div16u.obj (.text)
                  0000e33a    00000014                     : copy_zero_init.obj (.text:decompress:ZI:__TI_zero_init)
                  0000e34e    00000014                     : mult16.obj (.text)
                  0000e362    00000012                     : copy_decompress_none.obj (.text:decompress:none:__TI_decompress_none)
                  0000e374    00000012                     : memcpy.obj (.text:memcpy)
                  0000e386    00000010     grlib_MKII.lib : context.obj (.text:Graphics_clearDisplay)
                  0000e396    00000010     MSP430_TMP_OPT.obj (.text:OPT3001_init)
                  0000e3a6    00000010     uart_STDIO.obj (.text:UARTgetc)
                  0000e3b6    00000010     rts430_eabi.lib : epilog.obj (.text)
                  0000e3c6    0000000c     grlib_MKII.lib : display.obj (.text:Graphics_clearDisplayOnDisplay)
                  0000e3d2    0000000c                    : display.obj (.text:Graphics_drawPixelOnDisplay)
                  0000e3de    0000000c                    : display.obj (.text:Graphics_translateColorOnDisplay)
                  0000e3ea    0000000c     uart_STDIO.obj (.text:UARTprintc)
                  0000e3f6    00000008     main.obj (.text:ConvertidorAD)
                  0000e3fe    00000008     main.obj (.text:TIMER1_A0_ISR_HOOK)
                  0000e406    00000006     grlib_MKII.lib : context.obj (.text:Graphics_setFont)
                  0000e40c    00000006     rts430_eabi.lib : isr_trap.obj (.text:_isr:__TI_ISR_TRAP)
                  0000e412    00000006                     : copy_decompress_rle.obj (.text:decompress:rle24:__TI_decompress_rle24)
                  0000e418    00000004                     : pre_init.obj (.text:_system_pre_init)
                  0000e41c    00000004                     : exit.obj (.text:abort)
                  0000e420    00000002     Crystalfontz128x128_ST7735.obj (.text:Crystalfontz128x128_Flush)

.const     0    0000e422    000008f1     
                  0000e422    00000755     grlib_MKII.lib : fontcm16b.obj (.const:.string:g_pucCm16bData)
                  0000eb77    00000001     --HOLE-- [fill = 0]
                  0000eb78    000000c6                    : fontcm16b.obj (.const)
                  0000ec3e    0000004a     reproducir.obj (.const:Nota)
                  0000ec88    00000032     main.obj (.const:.string)
                  0000ecba    00000022     Crystalfontz128x128_ST7735.obj (.const)
                  0000ecdc    0000001a     reproducir.obj (.const:NotaTec)
                  0000ecf6    0000000c     reproducir.obj (.const:.string)
                  0000ed02    00000005     reproducir.obj (.const:.string:ESCALA1)
                  0000ed07    00000001     --HOLE-- [fill = 0]
                  0000ed08    00000005     reproducir.obj (.const:.string:ESCALA2)
                  0000ed0d    00000001     --HOLE-- [fill = 0]
                  0000ed0e    00000005     reproducir.obj (.const:.string:ESCALA)

.cinit     0    0000ed14    0000002a     
                  0000ed14    00000017     (.cinit..data.load) [load image]
                  0000ed2b    00000001     --HOLE-- [fill = 0]
                  0000ed2c    00000006     (__TI_handler_table)
                  0000ed32    00000004     (.cinit..bss.load) [load image, compression = zero_init]
                  0000ed36    00000008     (__TI_cinit_table)

.init_array 
*          0    0000c000    00000000     UNINITIALIZED

TRAPINT    0    0000ffe0    00000002     
                  0000ffe0    00000002     rts430_eabi.lib : int00.obj (.int00)

$fill000   0    0000ffde    00000002     
                  0000ffde    00000002     --HOLE-- [fill = ffff]

PORT1      0    0000ffe4    00000002     
                  0000ffe4    00000002     rts430_eabi.lib : int02.obj (.int02)

PORT2      0    0000ffe6    00000002     
                  0000ffe6    00000002     rts430_eabi.lib : int03.obj (.int03)

ADC10      0    0000ffea    00000002     
                  0000ffea    00000002     main.obj (.int05)

USCIAB0TX 
*          0    0000ffec    00000002     
                  0000ffec    00000002     MSP430_TMP_OPT.obj (.int06)

USCIAB0RX 
*          0    0000ffee    00000002     
                  0000ffee    00000002     rts430_eabi.lib : int07.obj (.int07)

TIMER0_A1 
*          0    0000fff0    00000002     
                  0000fff0    00000002     rts430_eabi.lib : int08.obj (.int08)

TIMER0_A0 
*          0    0000fff2    00000002     
                  0000fff2    00000002     rts430_eabi.lib : int09.obj (.int09)

WDT        0    0000fff4    00000002     
                  0000fff4    00000002     rts430_eabi.lib : int10.obj (.int10)

COMPARATORA 
*          0    0000fff6    00000002     
                  0000fff6    00000002     rts430_eabi.lib : int11.obj (.int11)

TIMER1_A1 
*          0    0000fff8    00000002     
                  0000fff8    00000002     rts430_eabi.lib : int12.obj (.int12)

TIMER1_A0 
*          0    0000fffa    00000002     
                  0000fffa    00000002     main.obj (.int13)

NMI        0    0000fffc    00000002     
                  0000fffc    00000002     rts430_eabi.lib : int14.obj (.int14)

.reset     0    0000fffe    00000002     
                  0000fffe    00000002     rts430_eabi.lib : boot.obj (.reset)


LINKER GENERATED COPY TABLES

__TI_cinit_table @ 0000ed36 records: 2, size/record: 4, table size: 8
	.data: load addr=0000ed14, load size=00000017 bytes, run addr=00000248, run size=00000013 bytes, compression=copy
	.bss: load addr=0000ed32, load size=00000004 bytes, run addr=00000200, run size=00000047 bytes, compression=zero_init


LINKER GENERATED HANDLER TABLE

__TI_handler_table @ 0000ed2c records: 3, size/record: 2, table size: 6
	index: 0, handler: __TI_zero_init
	index: 1, handler: __TI_decompress_rle24
	index: 2, handler: __TI_decompress_none


GLOBAL SYMBOLS: SORTED ALPHABETICALLY BY Name 

address   name                                
-------   ----                                
0000004a  ADC10AE0                            
000001b0  ADC10CTL0                           
000001b2  ADC10CTL1                           
00000048  ADC10DTC0                           
00000049  ADC10DTC1                           
000001b4  ADC10MEM                            
000001bc  ADC10SA                             
00000057  BCSCTL1                             
00000058  BCSCTL2                             
00000053  BCSCTL3                             
00000224  BUFF_RX                             
0000e41c  C$$EXIT                             
00000059  CACTL1                              
0000005a  CACTL2                              
000010fb  CALBC1_12MHZ                        
000010f9  CALBC1_16MHZ                        
000010ff  CALBC1_1MHZ                         
000010fd  CALBC1_8MHZ                         
000010fa  CALDCO_12MHZ                        
000010f8  CALDCO_16MHZ                        
000010fe  CALDCO_1MHZ                         
000010fc  CALDCO_8MHZ                         
0000005b  CAPD                                
0000e01a  Conf_I2C_OPT3001                    
0000e3f6  ConvertidorAD                       
0000d27e  Crystalfontz128x128_Init            
0000d826  Crystalfontz128x128_SetDrawFrame    
0000de0c  Crystalfontz128x128_SetOrientation  
00000056  DCOCTL                              
00000226  DeviceID                            
0000cb78  DibujaCirculos                      
0000ed0e  ESCALA                              
0000ed02  ESCALA1                             
0000ed08  ESCALA2                             
0000e056  Esc_OPT3001                         
00000128  FCTL1                               
0000012a  FCTL2                               
0000012c  FCTL3                               
00000249  FinTx                               
0000e386  Graphics_clearDisplay               
0000e3c6  Graphics_clearDisplayOnDisplay      
0000e2ac  Graphics_drawHorizontalLineOnDisplay
0000d5d4  Graphics_drawLineH                  
0000e3d2  Graphics_drawPixelOnDisplay         
0000c000  Graphics_drawString                 
0000c7ba  Graphics_fillCircle                 
0000df1e  Graphics_initContext                
0000e2c4  Graphics_setBackgroundColor         
0000e406  Graphics_setFont                    
0000e2dc  Graphics_setForegroundColor         
0000e3de  Graphics_translateColorOnDisplay    
0000e156  HAL_LCD_PortInit                    
0000df5e  HAL_LCD_SpiInit                     
0000e272  HAL_LCD_writeCommand                
0000e2f4  HAL_LCD_writeData                   
00000248  I2C_RW                              
00000000  IE1                                 
00000001  IE2                                 
0000023a  IE2_G                               
00000002  IFG1                                
00000003  IFG2                                
0000024a  Ints                                
0000023b  Lcd_FlagRead                        
0000023c  Lcd_FontSolid                       
0000023d  Lcd_Orientation                     
0000023e  Lcd_PenSolid                        
00000228  Lcd_ScreenHeigth                    
0000022a  Lcd_ScreenWidth                     
0000022c  Lcd_TouchTrim                       
0000e08e  Lee_OPT3001                         
0000e0c6  LeerLuz                             
00000218  Luz                                 
0000021c  LuzRef                              
0000022e  Nesc                                
0000ec3e  Nota                                
0000ecdc  NotaTec                             
0000023f  Numdatos                            
0000d8d4  OPT3001_getLux                      
0000e396  OPT3001_init                        
00000022  P1DIR                               
00000025  P1IE                                
00000024  P1IES                               
00000023  P1IFG                               
00000020  P1IN                                
00000021  P1OUT                               
00000027  P1REN                               
00000026  P1SEL                               
00000041  P1SEL2                              
00000240  P1SEL2_G                            
00000241  P1SEL_G                             
0000002a  P2DIR                               
0000002d  P2IE                                
0000002c  P2IES                               
0000002b  P2IFG                               
00000028  P2IN                                
00000029  P2OUT                               
0000002f  P2REN                               
0000002e  P2SEL                               
00000042  P2SEL2                              
0000001a  P3DIR                               
00000018  P3IN                                
00000019  P3OUT                               
00000010  P3REN                               
0000001b  P3SEL                               
00000043  P3SEL2                              
00000172  TA0CCR0                             
00000174  TA0CCR1                             
00000176  TA0CCR2                             
00000162  TA0CCTL0                            
00000164  TA0CCTL1                            
00000166  TA0CCTL2                            
00000160  TA0CTL                              
0000012e  TA0IV                               
00000170  TA0R                                
00000192  TA1CCR0                             
00000194  TA1CCR1                             
00000196  TA1CCR2                             
00000182  TA1CCTL0                            
00000184  TA1CCTL1                            
00000186  TA1CCTL2                            
00000180  TA1CTL                              
0000011e  TA1IV                               
00000190  TA1R                                
0000e3fe  TIMER1_A0_ISR_HOOK                  
000010db  TLV_ADC10_1_LEN                     
000010da  TLV_ADC10_1_TAG                     
000010c0  TLV_CHECKSUM                        
000010f7  TLV_DCO_30_LEN                      
000010f6  TLV_DCO_30_TAG                      
0000e3a6  UARTgetc                            
0000de52  UARTinit                            
0000e3ea  UARTprintc                          
0000005d  UCA0ABCTL                           
00000062  UCA0BR0                             
00000063  UCA0BR1                             
00000060  UCA0CTL0                            
00000061  UCA0CTL1                            
0000005f  UCA0IRRCTL                          
0000005e  UCA0IRTCTL                          
00000064  UCA0MCTL                            
00000066  UCA0RXBUF                           
00000065  UCA0STAT                            
00000067  UCA0TXBUF                           
0000006a  UCB0BR0                             
00000242  UCB0BR0_G                           
0000006b  UCB0BR1                             
00000068  UCB0CTL0                            
00000243  UCB0CTL0_G                          
00000069  UCB0CTL1                            
00000244  UCB0CTL1_G                          
0000006c  UCB0I2CIE                           
00000118  UCB0I2COA                           
0000011a  UCB0I2CSA                           
0000006e  UCB0RXBUF                           
0000006d  UCB0STAT                            
0000006f  UCB0TXBUF                           
0000d982  USCI0TX_ISR_HOOK                    
00000120  WDTCTL                              
00000400  __STACK_END                         
00000050  __STACK_SIZE                        
0000ed36  __TI_CINIT_Base                     
0000ed3e  __TI_CINIT_Limit                    
0000ed2c  __TI_Handler_Table_Base             
0000ed32  __TI_Handler_Table_Limit            
UNDEFED   __TI_INITARRAY_Base                 
UNDEFED   __TI_INITARRAY_Limit                
0000e40c  __TI_ISR_TRAP                       
0000e362  __TI_decompress_none                
0000e412  __TI_decompress_rle24               
0000ffe0  __TI_int00                          
0000ffe4  __TI_int02                          
0000ffe6  __TI_int03                          
0000ffea  __TI_int05                          
0000ffec  __TI_int06                          
0000ffee  __TI_int07                          
0000fff0  __TI_int08                          
0000fff2  __TI_int09                          
0000fff4  __TI_int10                          
0000fff6  __TI_int11                          
0000fff8  __TI_int12                          
0000fffa  __TI_int13                          
0000fffc  __TI_int14                          
0000e33a  __TI_zero_init                      
ffffffff  __binit__                           
ffffffff  __c_args__                          
0000e324  __mspabi_divu                       
0000dcd0  __mspabi_divul                      
0000e3c2  __mspabi_func_epilog_1              
0000e3c0  __mspabi_func_epilog_2              
0000e3be  __mspabi_func_epilog_3              
0000e3bc  __mspabi_func_epilog_4              
0000e3ba  __mspabi_func_epilog_5              
0000e3b8  __mspabi_func_epilog_6              
0000e3b6  __mspabi_func_epilog_7              
0000e34e  __mspabi_mpyi                       
0000e34e  __mspabi_mpyi_sw                    
0000e24c  __mspabi_mpyl                       
0000e24c  __mspabi_mpyl_sw                    
0000e324  __mspabi_remu                       
0000dcd0  __mspabi_remul                      
0000e1ae  __mspabi_slli                       
0000e1d6  __mspabi_slli_1                     
0000e1c4  __mspabi_slli_10                    
0000e1c2  __mspabi_slli_11                    
0000e1c0  __mspabi_slli_12                    
0000e1be  __mspabi_slli_13                    
0000e1bc  __mspabi_slli_14                    
0000e1ba  __mspabi_slli_15                    
0000e1d4  __mspabi_slli_2                     
0000e1d2  __mspabi_slli_3                     
0000e1d0  __mspabi_slli_4                     
0000e1ce  __mspabi_slli_5                     
0000e1cc  __mspabi_slli_6                     
0000e1ca  __mspabi_slli_7                     
0000e1c8  __mspabi_slli_8                     
0000e1c6  __mspabi_slli_9                     
0000e014  __mspabi_slll_1                     
0000dff0  __mspabi_slll_10                    
0000dfec  __mspabi_slll_11                    
0000dfe8  __mspabi_slll_12                    
0000dfe4  __mspabi_slll_13                    
0000dfe0  __mspabi_slll_14                    
0000dfdc  __mspabi_slll_15                    
0000e010  __mspabi_slll_2                     
0000e00c  __mspabi_slll_3                     
0000e008  __mspabi_slll_4                     
0000e004  __mspabi_slll_5                     
0000e000  __mspabi_slll_6                     
0000dffc  __mspabi_slll_7                     
0000dff8  __mspabi_slll_8                     
0000dff4  __mspabi_slll_9                     
0000e182  __mspabi_srai                       
0000e1aa  __mspabi_srai_1                     
0000e198  __mspabi_srai_10                    
0000e196  __mspabi_srai_11                    
0000e194  __mspabi_srai_12                    
0000e192  __mspabi_srai_13                    
0000e190  __mspabi_srai_14                    
0000e18e  __mspabi_srai_15                    
0000e1a8  __mspabi_srai_2                     
0000e1a6  __mspabi_srai_3                     
0000e1a4  __mspabi_srai_4                     
0000e1a2  __mspabi_srai_5                     
0000e1a0  __mspabi_srai_6                     
0000e19e  __mspabi_srai_7                     
0000e19c  __mspabi_srai_8                     
0000e19a  __mspabi_srai_9                     
0000dd7a  __mspabi_srli                       
0000ddc0  __mspabi_srli_1                     
0000dd9c  __mspabi_srli_10                    
0000dd98  __mspabi_srli_11                    
0000dd94  __mspabi_srli_12                    
0000dd90  __mspabi_srli_13                    
0000dd8c  __mspabi_srli_14                    
0000dd88  __mspabi_srli_15                    
0000ddbc  __mspabi_srli_2                     
0000ddb8  __mspabi_srli_3                     
0000ddb4  __mspabi_srli_4                     
0000ddb0  __mspabi_srli_5                     
0000ddac  __mspabi_srli_6                     
0000dda8  __mspabi_srli_7                     
0000dda4  __mspabi_srli_8                     
0000dda0  __mspabi_srli_9                     
0000dc70  __mspabi_srll_1                     
0000dc3a  __mspabi_srll_10                    
0000dc34  __mspabi_srll_11                    
0000dc2e  __mspabi_srll_12                    
0000dc28  __mspabi_srll_13                    
0000dc22  __mspabi_srll_14                    
0000dc1c  __mspabi_srll_15                    
0000dc6a  __mspabi_srll_2                     
0000dc64  __mspabi_srll_3                     
0000dc5e  __mspabi_srll_4                     
0000dc58  __mspabi_srll_5                     
0000dc52  __mspabi_srll_6                     
0000dc4c  __mspabi_srll_7                     
0000dc46  __mspabi_srll_8                     
0000dc40  __mspabi_srll_9                     
0000dc78  _auto_init                          
0000e292  _c_int00_noargs_noexit              
0000fffe  _reset_vector                       
000003b0  _stack                              
0000e418  _system_pre_init                    
0000e41c  abort                               
0000d772  asigna                              
0000dac2  asignajoy                           
ffffffff  binit                               
0000024c  circle1                             
00000250  circle2                             
00000254  circle3                             
0000d6b2  conf_reloj                          
00000220  dato                                
00000230  ejex                                
00000232  ejey                                
00000245  estado                              
0000025a  flagboton                           
00000258  flagboton1                          
00000259  flagboton2                          
00000200  g_sContext                          
0000ecba  g_sCrystalfontz128x128              
0000eb78  g_sFontCm16b                        
0000e1da  guarda_conf                         
0000e30c  inicia_ADC                          
0000da28  joystick                            
0000e200  lee_ch                              
0000d4e0  main                                
0000e374  memcpy                              
0000de98  modfrec                             
0000d3b8  pantalla_inicial                    
0000e226  restaura_conf                       
0000d130  selectescala                        
00000246  tec                                 
0000ce32  teclado                             
00000234  teclita                             
00000236  xrep                                
00000238  yrep                                


GLOBAL SYMBOLS: SORTED BY Symbol Address 

address   name                                
-------   ----                                
00000000  IE1                                 
00000001  IE2                                 
00000002  IFG1                                
00000003  IFG2                                
00000010  P3REN                               
00000018  P3IN                                
00000019  P3OUT                               
0000001a  P3DIR                               
0000001b  P3SEL                               
00000020  P1IN                                
00000021  P1OUT                               
00000022  P1DIR                               
00000023  P1IFG                               
00000024  P1IES                               
00000025  P1IE                                
00000026  P1SEL                               
00000027  P1REN                               
00000028  P2IN                                
00000029  P2OUT                               
0000002a  P2DIR                               
0000002b  P2IFG                               
0000002c  P2IES                               
0000002d  P2IE                                
0000002e  P2SEL                               
0000002f  P2REN                               
00000041  P1SEL2                              
00000042  P2SEL2                              
00000043  P3SEL2                              
00000048  ADC10DTC0                           
00000049  ADC10DTC1                           
0000004a  ADC10AE0                            
00000050  __STACK_SIZE                        
00000053  BCSCTL3                             
00000056  DCOCTL                              
00000057  BCSCTL1                             
00000058  BCSCTL2                             
00000059  CACTL1                              
0000005a  CACTL2                              
0000005b  CAPD                                
0000005d  UCA0ABCTL                           
0000005e  UCA0IRTCTL                          
0000005f  UCA0IRRCTL                          
00000060  UCA0CTL0                            
00000061  UCA0CTL1                            
00000062  UCA0BR0                             
00000063  UCA0BR1                             
00000064  UCA0MCTL                            
00000065  UCA0STAT                            
00000066  UCA0RXBUF                           
00000067  UCA0TXBUF                           
00000068  UCB0CTL0                            
00000069  UCB0CTL1                            
0000006a  UCB0BR0                             
0000006b  UCB0BR1                             
0000006c  UCB0I2CIE                           
0000006d  UCB0STAT                            
0000006e  UCB0RXBUF                           
0000006f  UCB0TXBUF                           
00000118  UCB0I2COA                           
0000011a  UCB0I2CSA                           
0000011e  TA1IV                               
00000120  WDTCTL                              
00000128  FCTL1                               
0000012a  FCTL2                               
0000012c  FCTL3                               
0000012e  TA0IV                               
00000160  TA0CTL                              
00000162  TA0CCTL0                            
00000164  TA0CCTL1                            
00000166  TA0CCTL2                            
00000170  TA0R                                
00000172  TA0CCR0                             
00000174  TA0CCR1                             
00000176  TA0CCR2                             
00000180  TA1CTL                              
00000182  TA1CCTL0                            
00000184  TA1CCTL1                            
00000186  TA1CCTL2                            
00000190  TA1R                                
00000192  TA1CCR0                             
00000194  TA1CCR1                             
00000196  TA1CCR2                             
000001b0  ADC10CTL0                           
000001b2  ADC10CTL1                           
000001b4  ADC10MEM                            
000001bc  ADC10SA                             
00000200  g_sContext                          
00000218  Luz                                 
0000021c  LuzRef                              
00000220  dato                                
00000224  BUFF_RX                             
00000226  DeviceID                            
00000228  Lcd_ScreenHeigth                    
0000022a  Lcd_ScreenWidth                     
0000022c  Lcd_TouchTrim                       
0000022e  Nesc                                
00000230  ejex                                
00000232  ejey                                
00000234  teclita                             
00000236  xrep                                
00000238  yrep                                
0000023a  IE2_G                               
0000023b  Lcd_FlagRead                        
0000023c  Lcd_FontSolid                       
0000023d  Lcd_Orientation                     
0000023e  Lcd_PenSolid                        
0000023f  Numdatos                            
00000240  P1SEL2_G                            
00000241  P1SEL_G                             
00000242  UCB0BR0_G                           
00000243  UCB0CTL0_G                          
00000244  UCB0CTL1_G                          
00000245  estado                              
00000246  tec                                 
00000248  I2C_RW                              
00000249  FinTx                               
0000024a  Ints                                
0000024c  circle1                             
00000250  circle2                             
00000254  circle3                             
00000258  flagboton1                          
00000259  flagboton2                          
0000025a  flagboton                           
000003b0  _stack                              
00000400  __STACK_END                         
000010c0  TLV_CHECKSUM                        
000010da  TLV_ADC10_1_TAG                     
000010db  TLV_ADC10_1_LEN                     
000010f6  TLV_DCO_30_TAG                      
000010f7  TLV_DCO_30_LEN                      
000010f8  CALDCO_16MHZ                        
000010f9  CALBC1_16MHZ                        
000010fa  CALDCO_12MHZ                        
000010fb  CALBC1_12MHZ                        
000010fc  CALDCO_8MHZ                         
000010fd  CALBC1_8MHZ                         
000010fe  CALDCO_1MHZ                         
000010ff  CALBC1_1MHZ                         
0000c000  Graphics_drawString                 
0000c7ba  Graphics_fillCircle                 
0000cb78  DibujaCirculos                      
0000ce32  teclado                             
0000d130  selectescala                        
0000d27e  Crystalfontz128x128_Init            
0000d3b8  pantalla_inicial                    
0000d4e0  main                                
0000d5d4  Graphics_drawLineH                  
0000d6b2  conf_reloj                          
0000d772  asigna                              
0000d826  Crystalfontz128x128_SetDrawFrame    
0000d8d4  OPT3001_getLux                      
0000d982  USCI0TX_ISR_HOOK                    
0000da28  joystick                            
0000dac2  asignajoy                           
0000dc1c  __mspabi_srll_15                    
0000dc22  __mspabi_srll_14                    
0000dc28  __mspabi_srll_13                    
0000dc2e  __mspabi_srll_12                    
0000dc34  __mspabi_srll_11                    
0000dc3a  __mspabi_srll_10                    
0000dc40  __mspabi_srll_9                     
0000dc46  __mspabi_srll_8                     
0000dc4c  __mspabi_srll_7                     
0000dc52  __mspabi_srll_6                     
0000dc58  __mspabi_srll_5                     
0000dc5e  __mspabi_srll_4                     
0000dc64  __mspabi_srll_3                     
0000dc6a  __mspabi_srll_2                     
0000dc70  __mspabi_srll_1                     
0000dc78  _auto_init                          
0000dcd0  __mspabi_divul                      
0000dcd0  __mspabi_remul                      
0000dd7a  __mspabi_srli                       
0000dd88  __mspabi_srli_15                    
0000dd8c  __mspabi_srli_14                    
0000dd90  __mspabi_srli_13                    
0000dd94  __mspabi_srli_12                    
0000dd98  __mspabi_srli_11                    
0000dd9c  __mspabi_srli_10                    
0000dda0  __mspabi_srli_9                     
0000dda4  __mspabi_srli_8                     
0000dda8  __mspabi_srli_7                     
0000ddac  __mspabi_srli_6                     
0000ddb0  __mspabi_srli_5                     
0000ddb4  __mspabi_srli_4                     
0000ddb8  __mspabi_srli_3                     
0000ddbc  __mspabi_srli_2                     
0000ddc0  __mspabi_srli_1                     
0000de0c  Crystalfontz128x128_SetOrientation  
0000de52  UARTinit                            
0000de98  modfrec                             
0000df1e  Graphics_initContext                
0000df5e  HAL_LCD_SpiInit                     
0000dfdc  __mspabi_slll_15                    
0000dfe0  __mspabi_slll_14                    
0000dfe4  __mspabi_slll_13                    
0000dfe8  __mspabi_slll_12                    
0000dfec  __mspabi_slll_11                    
0000dff0  __mspabi_slll_10                    
0000dff4  __mspabi_slll_9                     
0000dff8  __mspabi_slll_8                     
0000dffc  __mspabi_slll_7                     
0000e000  __mspabi_slll_6                     
0000e004  __mspabi_slll_5                     
0000e008  __mspabi_slll_4                     
0000e00c  __mspabi_slll_3                     
0000e010  __mspabi_slll_2                     
0000e014  __mspabi_slll_1                     
0000e01a  Conf_I2C_OPT3001                    
0000e056  Esc_OPT3001                         
0000e08e  Lee_OPT3001                         
0000e0c6  LeerLuz                             
0000e156  HAL_LCD_PortInit                    
0000e182  __mspabi_srai                       
0000e18e  __mspabi_srai_15                    
0000e190  __mspabi_srai_14                    
0000e192  __mspabi_srai_13                    
0000e194  __mspabi_srai_12                    
0000e196  __mspabi_srai_11                    
0000e198  __mspabi_srai_10                    
0000e19a  __mspabi_srai_9                     
0000e19c  __mspabi_srai_8                     
0000e19e  __mspabi_srai_7                     
0000e1a0  __mspabi_srai_6                     
0000e1a2  __mspabi_srai_5                     
0000e1a4  __mspabi_srai_4                     
0000e1a6  __mspabi_srai_3                     
0000e1a8  __mspabi_srai_2                     
0000e1aa  __mspabi_srai_1                     
0000e1ae  __mspabi_slli                       
0000e1ba  __mspabi_slli_15                    
0000e1bc  __mspabi_slli_14                    
0000e1be  __mspabi_slli_13                    
0000e1c0  __mspabi_slli_12                    
0000e1c2  __mspabi_slli_11                    
0000e1c4  __mspabi_slli_10                    
0000e1c6  __mspabi_slli_9                     
0000e1c8  __mspabi_slli_8                     
0000e1ca  __mspabi_slli_7                     
0000e1cc  __mspabi_slli_6                     
0000e1ce  __mspabi_slli_5                     
0000e1d0  __mspabi_slli_4                     
0000e1d2  __mspabi_slli_3                     
0000e1d4  __mspabi_slli_2                     
0000e1d6  __mspabi_slli_1                     
0000e1da  guarda_conf                         
0000e200  lee_ch                              
0000e226  restaura_conf                       
0000e24c  __mspabi_mpyl                       
0000e24c  __mspabi_mpyl_sw                    
0000e272  HAL_LCD_writeCommand                
0000e292  _c_int00_noargs_noexit              
0000e2ac  Graphics_drawHorizontalLineOnDisplay
0000e2c4  Graphics_setBackgroundColor         
0000e2dc  Graphics_setForegroundColor         
0000e2f4  HAL_LCD_writeData                   
0000e30c  inicia_ADC                          
0000e324  __mspabi_divu                       
0000e324  __mspabi_remu                       
0000e33a  __TI_zero_init                      
0000e34e  __mspabi_mpyi                       
0000e34e  __mspabi_mpyi_sw                    
0000e362  __TI_decompress_none                
0000e374  memcpy                              
0000e386  Graphics_clearDisplay               
0000e396  OPT3001_init                        
0000e3a6  UARTgetc                            
0000e3b6  __mspabi_func_epilog_7              
0000e3b8  __mspabi_func_epilog_6              
0000e3ba  __mspabi_func_epilog_5              
0000e3bc  __mspabi_func_epilog_4              
0000e3be  __mspabi_func_epilog_3              
0000e3c0  __mspabi_func_epilog_2              
0000e3c2  __mspabi_func_epilog_1              
0000e3c6  Graphics_clearDisplayOnDisplay      
0000e3d2  Graphics_drawPixelOnDisplay         
0000e3de  Graphics_translateColorOnDisplay    
0000e3ea  UARTprintc                          
0000e3f6  ConvertidorAD                       
0000e3fe  TIMER1_A0_ISR_HOOK                  
0000e406  Graphics_setFont                    
0000e40c  __TI_ISR_TRAP                       
0000e412  __TI_decompress_rle24               
0000e418  _system_pre_init                    
0000e41c  C$$EXIT                             
0000e41c  abort                               
0000eb78  g_sFontCm16b                        
0000ec3e  Nota                                
0000ecba  g_sCrystalfontz128x128              
0000ecdc  NotaTec                             
0000ed02  ESCALA1                             
0000ed08  ESCALA2                             
0000ed0e  ESCALA                              
0000ed2c  __TI_Handler_Table_Base             
0000ed32  __TI_Handler_Table_Limit            
0000ed36  __TI_CINIT_Base                     
0000ed3e  __TI_CINIT_Limit                    
0000ffe0  __TI_int00                          
0000ffe4  __TI_int02                          
0000ffe6  __TI_int03                          
0000ffea  __TI_int05                          
0000ffec  __TI_int06                          
0000ffee  __TI_int07                          
0000fff0  __TI_int08                          
0000fff2  __TI_int09                          
0000fff4  __TI_int10                          
0000fff6  __TI_int11                          
0000fff8  __TI_int12                          
0000fffa  __TI_int13                          
0000fffc  __TI_int14                          
0000fffe  _reset_vector                       
ffffffff  __binit__                           
ffffffff  __c_args__                          
ffffffff  binit                               
UNDEFED   __TI_INITARRAY_Base                 
UNDEFED   __TI_INITARRAY_Limit                

[316 symbols]
