<?xml version="1.0"?>
<link_info>
   <banner>MSP430 Linker PC v4.4.5</banner>
   <copyright>Copyright (c) 2003-2015 Texas Instruments Incorporated</copyright>
   <link_time>0x58a9e640</link_time>
   <link_errors>0x0</link_errors>
   <output_file>Proyecto.out</output_file>
   <entry_point>
      <name>_c_int00_noargs_noexit</name>
      <address>0xe292</address>
   </entry_point>
   <input_file_list>
      <input_file id="fl-2">
         <path>.\</path>
         <kind>object</kind>
         <file>Crystalfontz128x128_ST7735.obj</file>
         <name>Crystalfontz128x128_ST7735.obj</name>
      </input_file>
      <input_file id="fl-3">
         <path>.\</path>
         <kind>object</kind>
         <file>HAL_MSP430G2_Crystalfontz128x128_ST7735.obj</file>
         <name>HAL_MSP430G2_Crystalfontz128x128_ST7735.obj</name>
      </input_file>
      <input_file id="fl-4">
         <path>.\</path>
         <kind>object</kind>
         <file>MSP430_TMP_OPT.obj</file>
         <name>MSP430_TMP_OPT.obj</name>
      </input_file>
      <input_file id="fl-5">
         <path>.\</path>
         <kind>object</kind>
         <file>main.obj</file>
         <name>main.obj</name>
      </input_file>
      <input_file id="fl-6">
         <path>.\</path>
         <kind>object</kind>
         <file>reproducir.obj</file>
         <name>reproducir.obj</name>
      </input_file>
      <input_file id="fl-7">
         <path>.\</path>
         <kind>object</kind>
         <file>uart_STDIO.obj</file>
         <name>uart_STDIO.obj</name>
      </input_file>
      <input_file id="fl-e">
         <path>..\</path>
         <kind>archive</kind>
         <file>grlib_MKII.lib</file>
         <name>circle.obj</name>
      </input_file>
      <input_file id="fl-f">
         <path>..\</path>
         <kind>archive</kind>
         <file>grlib_MKII.lib</file>
         <name>context.obj</name>
      </input_file>
      <input_file id="fl-10">
         <path>..\</path>
         <kind>archive</kind>
         <file>grlib_MKII.lib</file>
         <name>display.obj</name>
      </input_file>
      <input_file id="fl-11">
         <path>..\</path>
         <kind>archive</kind>
         <file>grlib_MKII.lib</file>
         <name>fontcm16b.obj</name>
      </input_file>
      <input_file id="fl-12">
         <path>..\</path>
         <kind>archive</kind>
         <file>grlib_MKII.lib</file>
         <name>line.obj</name>
      </input_file>
      <input_file id="fl-13">
         <path>..\</path>
         <kind>archive</kind>
         <file>grlib_MKII.lib</file>
         <name>string.obj</name>
      </input_file>
      <input_file id="fl-3d">
         <path>C:\ti\ccsv6\tools\compiler\ti-cgt-msp430_4.4.5\lib\</path>
         <kind>archive</kind>
         <file>rts430_eabi.lib</file>
         <name>asr16.obj</name>
      </input_file>
      <input_file id="fl-3e">
         <path>C:\ti\ccsv6\tools\compiler\ti-cgt-msp430_4.4.5\lib\</path>
         <kind>archive</kind>
         <file>rts430_eabi.lib</file>
         <name>boot.obj</name>
      </input_file>
      <input_file id="fl-3f">
         <path>C:\ti\ccsv6\tools\compiler\ti-cgt-msp430_4.4.5\lib\</path>
         <kind>archive</kind>
         <file>rts430_eabi.lib</file>
         <name>boot_special.obj</name>
      </input_file>
      <input_file id="fl-40">
         <path>C:\ti\ccsv6\tools\compiler\ti-cgt-msp430_4.4.5\lib\</path>
         <kind>archive</kind>
         <file>rts430_eabi.lib</file>
         <name>copy_decompress_none.obj</name>
      </input_file>
      <input_file id="fl-41">
         <path>C:\ti\ccsv6\tools\compiler\ti-cgt-msp430_4.4.5\lib\</path>
         <kind>archive</kind>
         <file>rts430_eabi.lib</file>
         <name>copy_decompress_rle.obj</name>
      </input_file>
      <input_file id="fl-42">
         <path>C:\ti\ccsv6\tools\compiler\ti-cgt-msp430_4.4.5\lib\</path>
         <kind>archive</kind>
         <file>rts430_eabi.lib</file>
         <name>copy_zero_init.obj</name>
      </input_file>
      <input_file id="fl-43">
         <path>C:\ti\ccsv6\tools\compiler\ti-cgt-msp430_4.4.5\lib\</path>
         <kind>archive</kind>
         <file>rts430_eabi.lib</file>
         <name>div16s.obj</name>
      </input_file>
      <input_file id="fl-44">
         <path>C:\ti\ccsv6\tools\compiler\ti-cgt-msp430_4.4.5\lib\</path>
         <kind>archive</kind>
         <file>rts430_eabi.lib</file>
         <name>div16u.obj</name>
      </input_file>
      <input_file id="fl-45">
         <path>C:\ti\ccsv6\tools\compiler\ti-cgt-msp430_4.4.5\lib\</path>
         <kind>archive</kind>
         <file>rts430_eabi.lib</file>
         <name>div32s.obj</name>
      </input_file>
      <input_file id="fl-46">
         <path>C:\ti\ccsv6\tools\compiler\ti-cgt-msp430_4.4.5\lib\</path>
         <kind>archive</kind>
         <file>rts430_eabi.lib</file>
         <name>div32u.obj</name>
      </input_file>
      <input_file id="fl-47">
         <path>C:\ti\ccsv6\tools\compiler\ti-cgt-msp430_4.4.5\lib\</path>
         <kind>archive</kind>
         <file>rts430_eabi.lib</file>
         <name>epilog.obj</name>
      </input_file>
      <input_file id="fl-48">
         <path>C:\ti\ccsv6\tools\compiler\ti-cgt-msp430_4.4.5\lib\</path>
         <kind>archive</kind>
         <file>rts430_eabi.lib</file>
         <name>exit.obj</name>
      </input_file>
      <input_file id="fl-49">
         <path>C:\ti\ccsv6\tools\compiler\ti-cgt-msp430_4.4.5\lib\</path>
         <kind>archive</kind>
         <file>rts430_eabi.lib</file>
         <name>exit_gvars.obj</name>
      </input_file>
      <input_file id="fl-4a">
         <path>C:\ti\ccsv6\tools\compiler\ti-cgt-msp430_4.4.5\lib\</path>
         <kind>archive</kind>
         <file>rts430_eabi.lib</file>
         <name>int00.obj</name>
      </input_file>
      <input_file id="fl-4b">
         <path>C:\ti\ccsv6\tools\compiler\ti-cgt-msp430_4.4.5\lib\</path>
         <kind>archive</kind>
         <file>rts430_eabi.lib</file>
         <name>int02.obj</name>
      </input_file>
      <input_file id="fl-4c">
         <path>C:\ti\ccsv6\tools\compiler\ti-cgt-msp430_4.4.5\lib\</path>
         <kind>archive</kind>
         <file>rts430_eabi.lib</file>
         <name>int03.obj</name>
      </input_file>
      <input_file id="fl-4d">
         <path>C:\ti\ccsv6\tools\compiler\ti-cgt-msp430_4.4.5\lib\</path>
         <kind>archive</kind>
         <file>rts430_eabi.lib</file>
         <name>int07.obj</name>
      </input_file>
      <input_file id="fl-4e">
         <path>C:\ti\ccsv6\tools\compiler\ti-cgt-msp430_4.4.5\lib\</path>
         <kind>archive</kind>
         <file>rts430_eabi.lib</file>
         <name>int08.obj</name>
      </input_file>
      <input_file id="fl-4f">
         <path>C:\ti\ccsv6\tools\compiler\ti-cgt-msp430_4.4.5\lib\</path>
         <kind>archive</kind>
         <file>rts430_eabi.lib</file>
         <name>int09.obj</name>
      </input_file>
      <input_file id="fl-50">
         <path>C:\ti\ccsv6\tools\compiler\ti-cgt-msp430_4.4.5\lib\</path>
         <kind>archive</kind>
         <file>rts430_eabi.lib</file>
         <name>int10.obj</name>
      </input_file>
      <input_file id="fl-51">
         <path>C:\ti\ccsv6\tools\compiler\ti-cgt-msp430_4.4.5\lib\</path>
         <kind>archive</kind>
         <file>rts430_eabi.lib</file>
         <name>int11.obj</name>
      </input_file>
      <input_file id="fl-52">
         <path>C:\ti\ccsv6\tools\compiler\ti-cgt-msp430_4.4.5\lib\</path>
         <kind>archive</kind>
         <file>rts430_eabi.lib</file>
         <name>int12.obj</name>
      </input_file>
      <input_file id="fl-53">
         <path>C:\ti\ccsv6\tools\compiler\ti-cgt-msp430_4.4.5\lib\</path>
         <kind>archive</kind>
         <file>rts430_eabi.lib</file>
         <name>int14.obj</name>
      </input_file>
      <input_file id="fl-54">
         <path>C:\ti\ccsv6\tools\compiler\ti-cgt-msp430_4.4.5\lib\</path>
         <kind>archive</kind>
         <file>rts430_eabi.lib</file>
         <name>isr_trap.obj</name>
      </input_file>
      <input_file id="fl-55">
         <path>C:\ti\ccsv6\tools\compiler\ti-cgt-msp430_4.4.5\lib\</path>
         <kind>archive</kind>
         <file>rts430_eabi.lib</file>
         <name>lsl16.obj</name>
      </input_file>
      <input_file id="fl-56">
         <path>C:\ti\ccsv6\tools\compiler\ti-cgt-msp430_4.4.5\lib\</path>
         <kind>archive</kind>
         <file>rts430_eabi.lib</file>
         <name>lsl32.obj</name>
      </input_file>
      <input_file id="fl-57">
         <path>C:\ti\ccsv6\tools\compiler\ti-cgt-msp430_4.4.5\lib\</path>
         <kind>archive</kind>
         <file>rts430_eabi.lib</file>
         <name>lsr16.obj</name>
      </input_file>
      <input_file id="fl-58">
         <path>C:\ti\ccsv6\tools\compiler\ti-cgt-msp430_4.4.5\lib\</path>
         <kind>archive</kind>
         <file>rts430_eabi.lib</file>
         <name>lsr32.obj</name>
      </input_file>
      <input_file id="fl-59">
         <path>C:\ti\ccsv6\tools\compiler\ti-cgt-msp430_4.4.5\lib\</path>
         <kind>archive</kind>
         <file>rts430_eabi.lib</file>
         <name>memcpy.obj</name>
      </input_file>
      <input_file id="fl-5a">
         <path>C:\ti\ccsv6\tools\compiler\ti-cgt-msp430_4.4.5\lib\</path>
         <kind>archive</kind>
         <file>rts430_eabi.lib</file>
         <name>mpu_init.obj</name>
      </input_file>
      <input_file id="fl-5b">
         <path>C:\ti\ccsv6\tools\compiler\ti-cgt-msp430_4.4.5\lib\</path>
         <kind>archive</kind>
         <file>rts430_eabi.lib</file>
         <name>mult16.obj</name>
      </input_file>
      <input_file id="fl-5c">
         <path>C:\ti\ccsv6\tools\compiler\ti-cgt-msp430_4.4.5\lib\</path>
         <kind>archive</kind>
         <file>rts430_eabi.lib</file>
         <name>mult32.obj</name>
      </input_file>
      <input_file id="fl-5d">
         <path>C:\ti\ccsv6\tools\compiler\ti-cgt-msp430_4.4.5\lib\</path>
         <kind>archive</kind>
         <file>rts430_eabi.lib</file>
         <name>pre_init.obj</name>
      </input_file>
      <input_file id="fl-5e">
         <path>C:\ti\ccsv6\tools\compiler\ti-cgt-msp430_4.4.5\lib\</path>
         <kind>archive</kind>
         <file>rts430_eabi.lib</file>
         <name>_lock.obj</name>
      </input_file>
      <input_file id="fl-5f">
         <path>C:\ti\ccsv6\tools\compiler\ti-cgt-msp430_4.4.5\lib\</path>
         <kind>archive</kind>
         <file>rts430_eabi.lib</file>
         <name>args_main.obj</name>
      </input_file>
      <input_file id="fl-60">
         <path>C:\ti\ccsv6\tools\compiler\ti-cgt-msp430_4.4.5\lib\</path>
         <kind>archive</kind>
         <file>rts430_eabi.lib</file>
         <name>autoinit.obj</name>
      </input_file>
   </input_file_list>
   <object_component_list>
      <object_component id="oc-1e8">
         <name>.common:Lcd_Orientation</name>
         <uninitialized>true</uninitialized>
         <run_address>0x23d</run_address>
         <size>0x1</size>
      </object_component>
      <object_component id="oc-1d9">
         <name>.common:Lcd_ScreenWidth</name>
         <uninitialized>true</uninitialized>
         <run_address>0x22a</run_address>
         <size>0x2</size>
      </object_component>
      <object_component id="oc-1dc">
         <name>.common:Lcd_ScreenHeigth</name>
         <uninitialized>true</uninitialized>
         <run_address>0x228</run_address>
         <size>0x2</size>
      </object_component>
      <object_component id="oc-1dd">
         <name>.common:Lcd_PenSolid</name>
         <uninitialized>true</uninitialized>
         <run_address>0x23e</run_address>
         <size>0x1</size>
      </object_component>
      <object_component id="oc-1de">
         <name>.common:Lcd_FontSolid</name>
         <uninitialized>true</uninitialized>
         <run_address>0x23c</run_address>
         <size>0x1</size>
      </object_component>
      <object_component id="oc-1df">
         <name>.common:Lcd_FlagRead</name>
         <uninitialized>true</uninitialized>
         <run_address>0x23b</run_address>
         <size>0x1</size>
      </object_component>
      <object_component id="oc-1e0">
         <name>.common:Lcd_TouchTrim</name>
         <uninitialized>true</uninitialized>
         <run_address>0x22c</run_address>
         <size>0x2</size>
      </object_component>
      <object_component id="oc-11f">
         <name>.common:Numdatos</name>
         <uninitialized>true</uninitialized>
         <run_address>0x23f</run_address>
         <size>0x1</size>
      </object_component>
      <object_component id="oc-123">
         <name>.common:dato</name>
         <uninitialized>true</uninitialized>
         <run_address>0x220</run_address>
         <size>0x4</size>
      </object_component>
      <object_component id="oc-122">
         <name>.common:BUFF_RX</name>
         <uninitialized>true</uninitialized>
         <run_address>0x224</run_address>
         <size>0x2</size>
      </object_component>
      <object_component id="oc-347">
         <name>.common:P1SEL2_G</name>
         <uninitialized>true</uninitialized>
         <run_address>0x240</run_address>
         <size>0x1</size>
      </object_component>
      <object_component id="oc-348">
         <name>.common:P1SEL_G</name>
         <uninitialized>true</uninitialized>
         <run_address>0x241</run_address>
         <size>0x1</size>
      </object_component>
      <object_component id="oc-349">
         <name>.common:UCB0CTL1_G</name>
         <uninitialized>true</uninitialized>
         <run_address>0x244</run_address>
         <size>0x1</size>
      </object_component>
      <object_component id="oc-34a">
         <name>.common:UCB0CTL0_G</name>
         <uninitialized>true</uninitialized>
         <run_address>0x243</run_address>
         <size>0x1</size>
      </object_component>
      <object_component id="oc-34b">
         <name>.common:UCB0BR0_G</name>
         <uninitialized>true</uninitialized>
         <run_address>0x242</run_address>
         <size>0x1</size>
      </object_component>
      <object_component id="oc-34c">
         <name>.common:IE2_G</name>
         <uninitialized>true</uninitialized>
         <run_address>0x23a</run_address>
         <size>0x1</size>
      </object_component>
      <object_component id="oc-177">
         <name>.common:estado</name>
         <uninitialized>true</uninitialized>
         <run_address>0x245</run_address>
         <size>0x1</size>
      </object_component>
      <object_component id="oc-26d">
         <name>.common:tec</name>
         <uninitialized>true</uninitialized>
         <run_address>0x246</run_address>
         <size>0x1</size>
      </object_component>
      <object_component id="oc-24b">
         <name>.common:Nesc</name>
         <uninitialized>true</uninitialized>
         <run_address>0x22e</run_address>
         <size>0x2</size>
      </object_component>
      <object_component id="oc-274">
         <name>.common:teclita</name>
         <uninitialized>true</uninitialized>
         <run_address>0x234</run_address>
         <size>0x2</size>
      </object_component>
      <object_component id="oc-18a">
         <name>.common:ejex</name>
         <uninitialized>true</uninitialized>
         <run_address>0x230</run_address>
         <size>0x2</size>
      </object_component>
      <object_component id="oc-18b">
         <name>.common:ejey</name>
         <uninitialized>true</uninitialized>
         <run_address>0x232</run_address>
         <size>0x2</size>
      </object_component>
      <object_component id="oc-2e4">
         <name>.common:DeviceID</name>
         <uninitialized>true</uninitialized>
         <run_address>0x226</run_address>
         <size>0x2</size>
      </object_component>
      <object_component id="oc-258">
         <name>.common:Luz</name>
         <uninitialized>true</uninitialized>
         <run_address>0x218</run_address>
         <size>0x4</size>
      </object_component>
      <object_component id="oc-259">
         <name>.common:LuzRef</name>
         <uninitialized>true</uninitialized>
         <run_address>0x21c</run_address>
         <size>0x4</size>
      </object_component>
      <object_component id="oc-14e">
         <name>.common:g_sContext</name>
         <uninitialized>true</uninitialized>
         <run_address>0x200</run_address>
         <size>0x18</size>
      </object_component>
      <object_component id="oc-2fd">
         <name>.common:yrep</name>
         <uninitialized>true</uninitialized>
         <run_address>0x238</run_address>
         <size>0x2</size>
      </object_component>
      <object_component id="oc-2fe">
         <name>.common:xrep</name>
         <uninitialized>true</uninitialized>
         <run_address>0x236</run_address>
         <size>0x2</size>
      </object_component>
      <object_component id="oc-8d">
         <name>.stack</name>
         <uninitialized>true</uninitialized>
         <run_address>0x3b0</run_address>
         <size>0x2</size>
         <input_file_ref idref="fl-3e"/>
      </object_component>
      <object_component id="oc-3c0">
         <name>.stack</name>
         <uninitialized>true</uninitialized>
         <run_address>0x3b0</run_address>
         <size>0x0</size>
      </object_component>
      <object_component id="oc-276">
         <name>.text:Graphics_drawString</name>
         <load_address>0xc000</load_address>
         <run_address>0xc000</run_address>
         <size>0x7ba</size>
         <input_file_ref idref="fl-13"/>
      </object_component>
      <object_component id="oc-302">
         <name>.text:Graphics_fillCircle</name>
         <load_address>0xc7ba</load_address>
         <run_address>0xc7ba</run_address>
         <size>0x3be</size>
         <input_file_ref idref="fl-e"/>
      </object_component>
      <object_component id="oc-260">
         <name>.text:DibujaCirculos</name>
         <load_address>0xcb78</load_address>
         <run_address>0xcb78</run_address>
         <size>0x2ba</size>
         <input_file_ref idref="fl-6"/>
      </object_component>
      <object_component id="oc-17e">
         <name>.text:teclado</name>
         <load_address>0xce32</load_address>
         <run_address>0xce32</run_address>
         <size>0x1b0</size>
         <input_file_ref idref="fl-5"/>
      </object_component>
      <object_component id="oc-1fe">
         <name>.text:Crystalfontz128x128_PixelDrawMultiple</name>
         <load_address>0xcfe2</load_address>
         <run_address>0xcfe2</run_address>
         <size>0x14e</size>
         <input_file_ref idref="fl-2"/>
      </object_component>
      <object_component id="oc-24c">
         <name>.text:selectescala</name>
         <load_address>0xd130</load_address>
         <run_address>0xd130</run_address>
         <size>0x14e</size>
         <input_file_ref idref="fl-6"/>
      </object_component>
      <object_component id="oc-142">
         <name>.text:Crystalfontz128x128_Init</name>
         <load_address>0xd27e</load_address>
         <run_address>0xd27e</run_address>
         <size>0x13a</size>
         <input_file_ref idref="fl-2"/>
      </object_component>
      <object_component id="oc-18c">
         <name>.text:pantalla_inicial</name>
         <load_address>0xd3b8</load_address>
         <run_address>0xd3b8</run_address>
         <size>0x128</size>
         <input_file_ref idref="fl-5"/>
      </object_component>
      <object_component id="oc-e9">
         <name>.text:main</name>
         <load_address>0xd4e0</load_address>
         <run_address>0xd4e0</run_address>
         <size>0xf4</size>
         <input_file_ref idref="fl-5"/>
      </object_component>
      <object_component id="oc-320">
         <name>.text:Graphics_drawLineH</name>
         <load_address>0xd5d4</load_address>
         <run_address>0xd5d4</run_address>
         <size>0xde</size>
         <input_file_ref idref="fl-12"/>
      </object_component>
      <object_component id="oc-13c">
         <name>.text:conf_reloj</name>
         <load_address>0xd6b2</load_address>
         <run_address>0xd6b2</run_address>
         <size>0xc0</size>
         <input_file_ref idref="fl-5"/>
      </object_component>
      <object_component id="oc-26e">
         <name>.text:asigna</name>
         <load_address>0xd772</load_address>
         <run_address>0xd772</run_address>
         <size>0xb4</size>
         <input_file_ref idref="fl-6"/>
      </object_component>
      <object_component id="oc-1e1">
         <name>.text:Crystalfontz128x128_SetDrawFrame</name>
         <load_address>0xd826</load_address>
         <run_address>0xd826</run_address>
         <size>0xae</size>
         <input_file_ref idref="fl-2"/>
      </object_component>
      <object_component id="oc-2e5">
         <name>.text:OPT3001_getLux</name>
         <load_address>0xd8d4</load_address>
         <run_address>0xd8d4</run_address>
         <size>0xae</size>
         <input_file_ref idref="fl-4"/>
      </object_component>
      <object_component id="oc-b6">
         <name>.text:USCI0TX_ISR_HOOK</name>
         <load_address>0xd982</load_address>
         <run_address>0xd982</run_address>
         <size>0xa6</size>
         <input_file_ref idref="fl-4"/>
      </object_component>
      <object_component id="oc-178">
         <name>.text:joystick</name>
         <load_address>0xda28</load_address>
         <run_address>0xda28</run_address>
         <size>0x9a</size>
         <input_file_ref idref="fl-5"/>
      </object_component>
      <object_component id="oc-2c5">
         <name>.text:asignajoy</name>
         <load_address>0xdac2</load_address>
         <run_address>0xdac2</run_address>
         <size>0x94</size>
         <input_file_ref idref="fl-6"/>
      </object_component>
      <object_component id="oc-9e">
         <name>.text:__TI_decompress_rle_core</name>
         <load_address>0xdb56</load_address>
         <run_address>0xdb56</run_address>
         <size>0x64</size>
         <input_file_ref idref="fl-41"/>
      </object_component>
      <object_component id="oc-210">
         <name>.text:Crystalfontz128x128_RectFill</name>
         <load_address>0xdbba</load_address>
         <run_address>0xdbba</run_address>
         <size>0x62</size>
         <input_file_ref idref="fl-2"/>
      </object_component>
      <object_component id="oc-2a1">
         <name>.text:l_lsr_const</name>
         <load_address>0xdc1c</load_address>
         <run_address>0xdc1c</run_address>
         <size>0x5c</size>
         <input_file_ref idref="fl-58"/>
      </object_component>
      <object_component id="oc-cf">
         <name>.text:_auto_init</name>
         <load_address>0xdc78</load_address>
         <run_address>0xdc78</run_address>
         <size>0x58</size>
         <input_file_ref idref="fl-60"/>
      </object_component>
      <object_component id="oc-2f7">
         <name>.text</name>
         <load_address>0xdcd0</load_address>
         <run_address>0xdcd0</run_address>
         <size>0x58</size>
         <input_file_ref idref="fl-46"/>
      </object_component>
      <object_component id="oc-31a">
         <name>.text:Graphics_getNumberOfLeadingZeros</name>
         <load_address>0xdd28</load_address>
         <run_address>0xdd28</run_address>
         <size>0x52</size>
         <input_file_ref idref="fl-13"/>
      </object_component>
      <object_component id="oc-27c">
         <name>.text</name>
         <load_address>0xdd7a</load_address>
         <run_address>0xdd7a</run_address>
         <size>0x4c</size>
         <input_file_ref idref="fl-57"/>
      </object_component>
      <object_component id="oc-216">
         <name>.text:Crystalfontz128x128_ColorTranslate</name>
         <load_address>0xddc6</load_address>
         <run_address>0xddc6</run_address>
         <size>0x46</size>
         <input_file_ref idref="fl-2"/>
      </object_component>
      <object_component id="oc-148">
         <name>.text:Crystalfontz128x128_SetOrientation</name>
         <load_address>0xde0c</load_address>
         <run_address>0xde0c</run_address>
         <size>0x46</size>
         <input_file_ref idref="fl-2"/>
      </object_component>
      <object_component id="oc-288">
         <name>.text:UARTinit</name>
         <load_address>0xde52</load_address>
         <run_address>0xde52</run_address>
         <size>0x46</size>
         <input_file_ref idref="fl-7"/>
      </object_component>
      <object_component id="oc-25a">
         <name>.text:modfrec</name>
         <load_address>0xde98</load_address>
         <run_address>0xde98</run_address>
         <size>0x46</size>
         <input_file_ref idref="fl-6"/>
      </object_component>
      <object_component id="oc-20a">
         <name>.text:Crystalfontz128x128_LineDrawV</name>
         <load_address>0xdede</load_address>
         <run_address>0xdede</run_address>
         <size>0x40</size>
         <input_file_ref idref="fl-2"/>
      </object_component>
      <object_component id="oc-156">
         <name>.text:Graphics_initContext</name>
         <load_address>0xdf1e</load_address>
         <run_address>0xdf1e</run_address>
         <size>0x40</size>
         <input_file_ref idref="fl-f"/>
      </object_component>
      <object_component id="oc-1c7">
         <name>.text:HAL_LCD_SpiInit</name>
         <load_address>0xdf5e</load_address>
         <run_address>0xdf5e</run_address>
         <size>0x40</size>
         <input_file_ref idref="fl-3"/>
      </object_component>
      <object_component id="oc-204">
         <name>.text:Crystalfontz128x128_LineDrawH</name>
         <load_address>0xdf9e</load_address>
         <run_address>0xdf9e</run_address>
         <size>0x3e</size>
         <input_file_ref idref="fl-2"/>
      </object_component>
      <object_component id="oc-35c">
         <name>.text:l_lsl_const</name>
         <load_address>0xdfdc</load_address>
         <run_address>0xdfdc</run_address>
         <size>0x3e</size>
         <input_file_ref idref="fl-56"/>
      </object_component>
      <object_component id="oc-34e">
         <name>.text:Conf_I2C_OPT3001</name>
         <load_address>0xe01a</load_address>
         <run_address>0xe01a</run_address>
         <size>0x3c</size>
         <input_file_ref idref="fl-4"/>
      </object_component>
      <object_component id="oc-354">
         <name>.text:Esc_OPT3001</name>
         <load_address>0xe056</load_address>
         <run_address>0xe056</run_address>
         <size>0x38</size>
         <input_file_ref idref="fl-4"/>
      </object_component>
      <object_component id="oc-2de">
         <name>.text:Lee_OPT3001</name>
         <load_address>0xe08e</load_address>
         <run_address>0xe08e</run_address>
         <size>0x38</size>
         <input_file_ref idref="fl-4"/>
      </object_component>
      <object_component id="oc-252">
         <name>.text:LeerLuz</name>
         <load_address>0xe0c6</load_address>
         <run_address>0xe0c6</run_address>
         <size>0x32</size>
         <input_file_ref idref="fl-5"/>
      </object_component>
      <object_component id="oc-222">
         <name>.text:Crystalfontz128x128_ClearScreen</name>
         <load_address>0xe0f8</load_address>
         <run_address>0xe0f8</run_address>
         <size>0x30</size>
         <input_file_ref idref="fl-2"/>
      </object_component>
      <object_component id="oc-1f8">
         <name>.text:Crystalfontz128x128_PixelDraw</name>
         <load_address>0xe128</load_address>
         <run_address>0xe128</run_address>
         <size>0x2e</size>
         <input_file_ref idref="fl-2"/>
      </object_component>
      <object_component id="oc-1c1">
         <name>.text:HAL_LCD_PortInit</name>
         <load_address>0xe156</load_address>
         <run_address>0xe156</run_address>
         <size>0x2c</size>
         <input_file_ref idref="fl-3"/>
      </object_component>
      <object_component id="oc-29c">
         <name>.text</name>
         <load_address>0xe182</load_address>
         <run_address>0xe182</run_address>
         <size>0x2c</size>
         <input_file_ref idref="fl-3d"/>
      </object_component>
      <object_component id="oc-282">
         <name>.text</name>
         <load_address>0xe1ae</load_address>
         <run_address>0xe1ae</run_address>
         <size>0x2c</size>
         <input_file_ref idref="fl-55"/>
      </object_component>
      <object_component id="oc-2d2">
         <name>.text:guarda_conf</name>
         <load_address>0xe1da</load_address>
         <run_address>0xe1da</run_address>
         <size>0x26</size>
         <input_file_ref idref="fl-4"/>
      </object_component>
      <object_component id="oc-184">
         <name>.text:lee_ch</name>
         <load_address>0xe200</load_address>
         <run_address>0xe200</run_address>
         <size>0x26</size>
         <input_file_ref idref="fl-5"/>
      </object_component>
      <object_component id="oc-2eb">
         <name>.text:restaura_conf</name>
         <load_address>0xe226</load_address>
         <run_address>0xe226</run_address>
         <size>0x26</size>
         <input_file_ref idref="fl-4"/>
      </object_component>
      <object_component id="oc-2f2">
         <name>.text</name>
         <load_address>0xe24c</load_address>
         <run_address>0xe24c</run_address>
         <size>0x26</size>
         <input_file_ref idref="fl-5c"/>
      </object_component>
      <object_component id="oc-1cd">
         <name>.text:HAL_LCD_writeCommand</name>
         <load_address>0xe272</load_address>
         <run_address>0xe272</run_address>
         <size>0x20</size>
         <input_file_ref idref="fl-3"/>
      </object_component>
      <object_component id="oc-69">
         <name>.text:_c_int00_noargs_noexit</name>
         <load_address>0xe292</load_address>
         <run_address>0xe292</run_address>
         <size>0x1a</size>
         <input_file_ref idref="fl-3f"/>
      </object_component>
      <object_component id="oc-371">
         <name>.text:Graphics_drawHorizontalLineOnDisplay</name>
         <load_address>0xe2ac</load_address>
         <run_address>0xe2ac</run_address>
         <size>0x18</size>
         <input_file_ref idref="fl-10"/>
      </object_component>
      <object_component id="oc-15c">
         <name>.text:Graphics_setBackgroundColor</name>
         <load_address>0xe2c4</load_address>
         <run_address>0xe2c4</run_address>
         <size>0x18</size>
         <input_file_ref idref="fl-f"/>
      </object_component>
      <object_component id="oc-245">
         <name>.text:Graphics_setForegroundColor</name>
         <load_address>0xe2dc</load_address>
         <run_address>0xe2dc</run_address>
         <size>0x18</size>
         <input_file_ref idref="fl-f"/>
      </object_component>
      <object_component id="oc-1d3">
         <name>.text:HAL_LCD_writeData</name>
         <load_address>0xe2f4</load_address>
         <run_address>0xe2f4</run_address>
         <size>0x18</size>
         <input_file_ref idref="fl-3"/>
      </object_component>
      <object_component id="oc-171">
         <name>.text:inicia_ADC</name>
         <load_address>0xe30c</load_address>
         <run_address>0xe30c</run_address>
         <size>0x18</size>
         <input_file_ref idref="fl-5"/>
      </object_component>
      <object_component id="oc-33d">
         <name>.text</name>
         <load_address>0xe324</load_address>
         <run_address>0xe324</run_address>
         <size>0x16</size>
         <input_file_ref idref="fl-44"/>
      </object_component>
      <object_component id="oc-4b">
         <name>.text:decompress:ZI:__TI_zero_init</name>
         <load_address>0xe33a</load_address>
         <run_address>0xe33a</run_address>
         <size>0x14</size>
         <input_file_ref idref="fl-42"/>
      </object_component>
      <object_component id="oc-2a9">
         <name>.text</name>
         <load_address>0xe34e</load_address>
         <run_address>0xe34e</run_address>
         <size>0x14</size>
         <input_file_ref idref="fl-5b"/>
      </object_component>
      <object_component id="oc-32">
         <name>.text:decompress:none:__TI_decompress_none</name>
         <load_address>0xe362</load_address>
         <run_address>0xe362</run_address>
         <size>0x12</size>
         <input_file_ref idref="fl-40"/>
      </object_component>
      <object_component id="oc-91">
         <name>.text:memcpy</name>
         <load_address>0xe374</load_address>
         <run_address>0xe374</run_address>
         <size>0x12</size>
         <input_file_ref idref="fl-59"/>
      </object_component>
      <object_component id="oc-16b">
         <name>.text:Graphics_clearDisplay</name>
         <load_address>0xe386</load_address>
         <run_address>0xe386</run_address>
         <size>0x10</size>
         <input_file_ref idref="fl-f"/>
      </object_component>
      <object_component id="oc-2d8">
         <name>.text:OPT3001_init</name>
         <load_address>0xe396</load_address>
         <run_address>0xe396</run_address>
         <size>0x10</size>
         <input_file_ref idref="fl-4"/>
      </object_component>
      <object_component id="oc-267">
         <name>.text:UARTgetc</name>
         <load_address>0xe3a6</load_address>
         <run_address>0xe3a6</run_address>
         <size>0x10</size>
         <input_file_ref idref="fl-7"/>
      </object_component>
      <object_component id="oc-112">
         <name>.text</name>
         <load_address>0xe3b6</load_address>
         <run_address>0xe3b6</run_address>
         <size>0x10</size>
         <input_file_ref idref="fl-47"/>
      </object_component>
      <object_component id="oc-23a">
         <name>.text:Graphics_clearDisplayOnDisplay</name>
         <load_address>0xe3c6</load_address>
         <run_address>0xe3c6</run_address>
         <size>0xc</size>
         <input_file_ref idref="fl-10"/>
      </object_component>
      <object_component id="oc-326">
         <name>.text:Graphics_drawPixelOnDisplay</name>
         <load_address>0xe3d2</load_address>
         <run_address>0xe3d2</run_address>
         <size>0xc</size>
         <input_file_ref idref="fl-10"/>
      </object_component>
      <object_component id="oc-22c">
         <name>.text:Graphics_translateColorOnDisplay</name>
         <load_address>0xe3de</load_address>
         <run_address>0xe3de</run_address>
         <size>0xc</size>
         <input_file_ref idref="fl-10"/>
      </object_component>
      <object_component id="oc-30f">
         <name>.text:UARTprintc</name>
         <load_address>0xe3ea</load_address>
         <run_address>0xe3ea</run_address>
         <size>0xc</size>
         <input_file_ref idref="fl-7"/>
      </object_component>
      <object_component id="oc-b0">
         <name>.text:ConvertidorAD</name>
         <load_address>0xe3f6</load_address>
         <run_address>0xe3f6</run_address>
         <size>0x8</size>
         <input_file_ref idref="fl-5"/>
      </object_component>
      <object_component id="oc-bc">
         <name>.text:TIMER1_A0_ISR_HOOK</name>
         <load_address>0xe3fe</load_address>
         <run_address>0xe3fe</run_address>
         <size>0x8</size>
         <input_file_ref idref="fl-5"/>
      </object_component>
      <object_component id="oc-165">
         <name>.text:Graphics_setFont</name>
         <load_address>0xe406</load_address>
         <run_address>0xe406</run_address>
         <size>0x6</size>
         <input_file_ref idref="fl-f"/>
      </object_component>
      <object_component id="oc-ab">
         <name>.text:_isr:__TI_ISR_TRAP</name>
         <load_address>0xe40c</load_address>
         <run_address>0xe40c</run_address>
         <size>0x6</size>
         <input_file_ref idref="fl-54"/>
      </object_component>
      <object_component id="oc-38">
         <name>.text:decompress:rle24:__TI_decompress_rle24</name>
         <load_address>0xe412</load_address>
         <run_address>0xe412</run_address>
         <size>0x6</size>
         <input_file_ref idref="fl-41"/>
      </object_component>
      <object_component id="oc-c9">
         <name>.text:_system_pre_init</name>
         <load_address>0xe418</load_address>
         <run_address>0xe418</run_address>
         <size>0x4</size>
         <input_file_ref idref="fl-5d"/>
      </object_component>
      <object_component id="oc-f1">
         <name>.text:abort</name>
         <load_address>0xe41c</load_address>
         <run_address>0xe41c</run_address>
         <size>0x4</size>
         <input_file_ref idref="fl-48"/>
      </object_component>
      <object_component id="oc-21c">
         <name>.text:Crystalfontz128x128_Flush</name>
         <load_address>0xe420</load_address>
         <run_address>0xe420</run_address>
         <size>0x2</size>
         <input_file_ref idref="fl-2"/>
      </object_component>
      <object_component id="oc-3bf">
         <name>.cinit..data.load</name>
         <load_address>0xed14</load_address>
         <run_address>0xed14</run_address>
         <size>0x17</size>
      </object_component>
      <object_component id="oc-3bc">
         <name>__TI_handler_table</name>
         <load_address>0xed2c</load_address>
         <run_address>0xed2c</run_address>
         <size>0x6</size>
      </object_component>
      <object_component id="oc-3be">
         <name>.cinit..bss.load</name>
         <load_address>0xed32</load_address>
         <run_address>0xed32</run_address>
         <size>0x4</size>
      </object_component>
      <object_component id="oc-3bd">
         <name>__TI_cinit_table</name>
         <load_address>0xed36</load_address>
         <run_address>0xed36</run_address>
         <size>0x8</size>
      </object_component>
      <object_component id="oc-233">
         <name>.const:.string:g_pucCm16bData</name>
         <load_address>0xe422</load_address>
         <run_address>0xe422</run_address>
         <size>0x755</size>
         <input_file_ref idref="fl-11"/>
      </object_component>
      <object_component id="oc-162">
         <name>.const</name>
         <load_address>0xeb78</load_address>
         <run_address>0xeb78</run_address>
         <size>0xc6</size>
         <input_file_ref idref="fl-11"/>
      </object_component>
      <object_component id="oc-33a">
         <name>.const:Nota</name>
         <load_address>0xec3e</load_address>
         <run_address>0xec3e</run_address>
         <size>0x4a</size>
         <input_file_ref idref="fl-6"/>
      </object_component>
      <object_component id="oc-275">
         <name>.const:.string</name>
         <load_address>0xec88</load_address>
         <run_address>0xec88</run_address>
         <size>0x32</size>
         <input_file_ref idref="fl-5"/>
      </object_component>
      <object_component id="oc-153">
         <name>.const</name>
         <load_address>0xecba</load_address>
         <run_address>0xecba</run_address>
         <size>0x22</size>
         <input_file_ref idref="fl-2"/>
      </object_component>
      <object_component id="oc-316">
         <name>.const:NotaTec</name>
         <load_address>0xecdc</load_address>
         <run_address>0xecdc</run_address>
         <size>0x1a</size>
         <input_file_ref idref="fl-6"/>
      </object_component>
      <object_component id="oc-2c1">
         <name>.const:.string</name>
         <load_address>0xecf6</load_address>
         <run_address>0xecf6</run_address>
         <size>0xc</size>
         <input_file_ref idref="fl-6"/>
      </object_component>
      <object_component id="oc-2cb">
         <name>.const:.string:ESCALA1</name>
         <load_address>0xed02</load_address>
         <run_address>0xed02</run_address>
         <size>0x5</size>
         <input_file_ref idref="fl-6"/>
      </object_component>
      <object_component id="oc-2c2">
         <name>.const:.string:ESCALA2</name>
         <load_address>0xed08</load_address>
         <run_address>0xed08</run_address>
         <size>0x5</size>
         <input_file_ref idref="fl-6"/>
      </object_component>
      <object_component id="oc-2ce">
         <name>.const:.string:ESCALA</name>
         <load_address>0xed0e</load_address>
         <run_address>0xed0e</run_address>
         <size>0x5</size>
         <input_file_ref idref="fl-6"/>
      </object_component>
      <object_component id="oc-3e">
         <name>.int00</name>
         <load_address>0xffe0</load_address>
         <run_address>0xffe0</run_address>
         <size>0x2</size>
         <input_file_ref idref="fl-4a"/>
      </object_component>
      <object_component id="oc-3f">
         <name>.int02</name>
         <load_address>0xffe4</load_address>
         <run_address>0xffe4</run_address>
         <size>0x2</size>
         <input_file_ref idref="fl-4b"/>
      </object_component>
      <object_component id="oc-40">
         <name>.int03</name>
         <load_address>0xffe6</load_address>
         <run_address>0xffe6</run_address>
         <size>0x2</size>
         <input_file_ref idref="fl-4c"/>
      </object_component>
      <object_component id="oc-41">
         <name>.int05</name>
         <load_address>0xffea</load_address>
         <run_address>0xffea</run_address>
         <size>0x2</size>
         <input_file_ref idref="fl-5"/>
      </object_component>
      <object_component id="oc-42">
         <name>.int06</name>
         <load_address>0xffec</load_address>
         <run_address>0xffec</run_address>
         <size>0x2</size>
         <input_file_ref idref="fl-4"/>
      </object_component>
      <object_component id="oc-43">
         <name>.int07</name>
         <load_address>0xffee</load_address>
         <run_address>0xffee</run_address>
         <size>0x2</size>
         <input_file_ref idref="fl-4d"/>
      </object_component>
      <object_component id="oc-44">
         <name>.int08</name>
         <load_address>0xfff0</load_address>
         <run_address>0xfff0</run_address>
         <size>0x2</size>
         <input_file_ref idref="fl-4e"/>
      </object_component>
      <object_component id="oc-45">
         <name>.int09</name>
         <load_address>0xfff2</load_address>
         <run_address>0xfff2</run_address>
         <size>0x2</size>
         <input_file_ref idref="fl-4f"/>
      </object_component>
      <object_component id="oc-46">
         <name>.int10</name>
         <load_address>0xfff4</load_address>
         <run_address>0xfff4</run_address>
         <size>0x2</size>
         <input_file_ref idref="fl-50"/>
      </object_component>
      <object_component id="oc-47">
         <name>.int11</name>
         <load_address>0xfff6</load_address>
         <run_address>0xfff6</run_address>
         <size>0x2</size>
         <input_file_ref idref="fl-51"/>
      </object_component>
      <object_component id="oc-48">
         <name>.int12</name>
         <load_address>0xfff8</load_address>
         <run_address>0xfff8</run_address>
         <size>0x2</size>
         <input_file_ref idref="fl-52"/>
      </object_component>
      <object_component id="oc-49">
         <name>.int13</name>
         <load_address>0xfffa</load_address>
         <run_address>0xfffa</run_address>
         <size>0x2</size>
         <input_file_ref idref="fl-5"/>
      </object_component>
      <object_component id="oc-4a">
         <name>.int14</name>
         <load_address>0xfffc</load_address>
         <run_address>0xfffc</run_address>
         <size>0x2</size>
         <input_file_ref idref="fl-53"/>
      </object_component>
      <object_component id="oc-90">
         <name>.reset</name>
         <load_address>0xfffe</load_address>
         <run_address>0xfffe</run_address>
         <size>0x2</size>
         <input_file_ref idref="fl-3e"/>
      </object_component>
      <object_component id="oc-11c">
         <name>.data</name>
         <load_address>0x248</load_address>
         <run_address>0x248</run_address>
         <size>0x4</size>
         <input_file_ref idref="fl-4"/>
      </object_component>
      <object_component id="oc-242">
         <name>.data</name>
         <load_address>0x25a</load_address>
         <run_address>0x25a</run_address>
         <size>0x1</size>
         <input_file_ref idref="fl-5"/>
      </object_component>
      <object_component id="oc-2ff">
         <name>.data:circle1</name>
         <load_address>0x24c</load_address>
         <run_address>0x24c</run_address>
         <size>0x4</size>
         <input_file_ref idref="fl-6"/>
      </object_component>
      <object_component id="oc-308">
         <name>.data:circle2</name>
         <load_address>0x250</load_address>
         <run_address>0x250</run_address>
         <size>0x4</size>
         <input_file_ref idref="fl-6"/>
      </object_component>
      <object_component id="oc-30b">
         <name>.data:circle3</name>
         <load_address>0x254</load_address>
         <run_address>0x254</run_address>
         <size>0x4</size>
         <input_file_ref idref="fl-6"/>
      </object_component>
      <object_component id="oc-2be">
         <name>.data</name>
         <load_address>0x258</load_address>
         <run_address>0x258</run_address>
         <size>0x2</size>
         <input_file_ref idref="fl-6"/>
      </object_component>
      <object_component id="oc-1da">
         <name>.debug_info</name>
         <load_address>0x0</load_address>
         <run_address>0x0</run_address>
         <size>0x490</size>
         <input_file_ref idref="fl-2"/>
      </object_component>
      <object_component id="oc-154">
         <name>.debug_info</name>
         <load_address>0x490</load_address>
         <run_address>0x490</run_address>
         <size>0x106</size>
         <input_file_ref idref="fl-2"/>
      </object_component>
      <object_component id="oc-143">
         <name>.debug_info</name>
         <load_address>0x596</load_address>
         <run_address>0x596</run_address>
         <size>0x36a</size>
         <input_file_ref idref="fl-2"/>
      </object_component>
      <object_component id="oc-1e2">
         <name>.debug_info</name>
         <load_address>0x900</load_address>
         <run_address>0x900</run_address>
         <size>0x2ae</size>
         <input_file_ref idref="fl-2"/>
      </object_component>
      <object_component id="oc-149">
         <name>.debug_info</name>
         <load_address>0xbae</load_address>
         <run_address>0xbae</run_address>
         <size>0x20d</size>
         <input_file_ref idref="fl-2"/>
      </object_component>
      <object_component id="oc-1f9">
         <name>.debug_info</name>
         <load_address>0xdbb</load_address>
         <run_address>0xdbb</run_address>
         <size>0x240</size>
         <input_file_ref idref="fl-2"/>
      </object_component>
      <object_component id="oc-1ff">
         <name>.debug_info</name>
         <load_address>0xffb</load_address>
         <run_address>0xffb</run_address>
         <size>0x433</size>
         <input_file_ref idref="fl-2"/>
      </object_component>
      <object_component id="oc-205">
         <name>.debug_info</name>
         <load_address>0x142e</load_address>
         <run_address>0x142e</run_address>
         <size>0x271</size>
         <input_file_ref idref="fl-2"/>
      </object_component>
      <object_component id="oc-20b">
         <name>.debug_info</name>
         <load_address>0x169f</load_address>
         <run_address>0x169f</run_address>
         <size>0x271</size>
         <input_file_ref idref="fl-2"/>
      </object_component>
      <object_component id="oc-211">
         <name>.debug_info</name>
         <load_address>0x1910</load_address>
         <run_address>0x1910</run_address>
         <size>0x29b</size>
         <input_file_ref idref="fl-2"/>
      </object_component>
      <object_component id="oc-217">
         <name>.debug_info</name>
         <load_address>0x1bab</load_address>
         <run_address>0x1bab</run_address>
         <size>0x1f2</size>
         <input_file_ref idref="fl-2"/>
      </object_component>
      <object_component id="oc-21d">
         <name>.debug_info</name>
         <load_address>0x1d9d</load_address>
         <run_address>0x1d9d</run_address>
         <size>0x167</size>
         <input_file_ref idref="fl-2"/>
      </object_component>
      <object_component id="oc-223">
         <name>.debug_info</name>
         <load_address>0x1f04</load_address>
         <run_address>0x1f04</run_address>
         <size>0x1fa</size>
         <input_file_ref idref="fl-2"/>
      </object_component>
      <object_component id="oc-1f1">
         <name>.debug_info</name>
         <load_address>0x20fe</load_address>
         <run_address>0x20fe</run_address>
         <size>0x40a</size>
         <input_file_ref idref="fl-2"/>
      </object_component>
      <object_component id="oc-ff">
         <name>.debug_info</name>
         <load_address>0x2508</load_address>
         <run_address>0x2508</run_address>
         <size>0x84</size>
         <input_file_ref idref="fl-2"/>
      </object_component>
      <object_component id="oc-1ea">
         <name>.debug_info</name>
         <load_address>0x258c</load_address>
         <run_address>0x258c</run_address>
         <size>0x18b</size>
         <input_file_ref idref="fl-2"/>
      </object_component>
      <object_component id="oc-1c2">
         <name>.debug_info</name>
         <load_address>0x2717</load_address>
         <run_address>0x2717</run_address>
         <size>0x157</size>
         <input_file_ref idref="fl-3"/>
      </object_component>
      <object_component id="oc-1c8">
         <name>.debug_info</name>
         <load_address>0x286e</load_address>
         <run_address>0x286e</run_address>
         <size>0x155</size>
         <input_file_ref idref="fl-3"/>
      </object_component>
      <object_component id="oc-1ce">
         <name>.debug_info</name>
         <load_address>0x29c3</load_address>
         <run_address>0x29c3</run_address>
         <size>0x18d</size>
         <input_file_ref idref="fl-3"/>
      </object_component>
      <object_component id="oc-1d4">
         <name>.debug_info</name>
         <load_address>0x2b50</load_address>
         <run_address>0x2b50</run_address>
         <size>0x17b</size>
         <input_file_ref idref="fl-3"/>
      </object_component>
      <object_component id="oc-120">
         <name>.debug_info</name>
         <load_address>0x2ccb</load_address>
         <run_address>0x2ccb</run_address>
         <size>0x3f6</size>
         <input_file_ref idref="fl-4"/>
      </object_component>
      <object_component id="oc-11d">
         <name>.debug_info</name>
         <load_address>0x30c1</load_address>
         <run_address>0x30c1</run_address>
         <size>0xee</size>
         <input_file_ref idref="fl-4"/>
      </object_component>
      <object_component id="oc-b7">
         <name>.debug_info</name>
         <load_address>0x31af</load_address>
         <run_address>0x31af</run_address>
         <size>0x10d</size>
         <input_file_ref idref="fl-4"/>
      </object_component>
      <object_component id="oc-2d3">
         <name>.debug_info</name>
         <load_address>0x32bc</load_address>
         <run_address>0x32bc</run_address>
         <size>0x102</size>
         <input_file_ref idref="fl-4"/>
      </object_component>
      <object_component id="oc-2ec">
         <name>.debug_info</name>
         <load_address>0x33be</load_address>
         <run_address>0x33be</run_address>
         <size>0x106</size>
         <input_file_ref idref="fl-4"/>
      </object_component>
      <object_component id="oc-34f">
         <name>.debug_info</name>
         <load_address>0x34c4</load_address>
         <run_address>0x34c4</run_address>
         <size>0x10c</size>
         <input_file_ref idref="fl-4"/>
      </object_component>
      <object_component id="oc-355">
         <name>.debug_info</name>
         <load_address>0x35d0</load_address>
         <run_address>0x35d0</run_address>
         <size>0x14a</size>
         <input_file_ref idref="fl-4"/>
      </object_component>
      <object_component id="oc-2df">
         <name>.debug_info</name>
         <load_address>0x371a</load_address>
         <run_address>0x371a</run_address>
         <size>0x124</size>
         <input_file_ref idref="fl-4"/>
      </object_component>
      <object_component id="oc-2d9">
         <name>.debug_info</name>
         <load_address>0x383e</load_address>
         <run_address>0x383e</run_address>
         <size>0x12d</size>
         <input_file_ref idref="fl-4"/>
      </object_component>
      <object_component id="oc-2e6">
         <name>.debug_info</name>
         <load_address>0x396b</load_address>
         <run_address>0x396b</run_address>
         <size>0x212</size>
         <input_file_ref idref="fl-4"/>
      </object_component>
      <object_component id="oc-14f">
         <name>.debug_info</name>
         <load_address>0x3b7d</load_address>
         <run_address>0x3b7d</run_address>
         <size>0xd77</size>
         <input_file_ref idref="fl-5"/>
      </object_component>
      <object_component id="oc-243">
         <name>.debug_info</name>
         <load_address>0x48f4</load_address>
         <run_address>0x48f4</run_address>
         <size>0xb6</size>
         <input_file_ref idref="fl-5"/>
      </object_component>
      <object_component id="oc-185">
         <name>.debug_info</name>
         <load_address>0x49aa</load_address>
         <run_address>0x49aa</run_address>
         <size>0x11b</size>
         <input_file_ref idref="fl-5"/>
      </object_component>
      <object_component id="oc-172">
         <name>.debug_info</name>
         <load_address>0x4ac5</load_address>
         <run_address>0x4ac5</run_address>
         <size>0x110</size>
         <input_file_ref idref="fl-5"/>
      </object_component>
      <object_component id="oc-253">
         <name>.debug_info</name>
         <load_address>0x4bd5</load_address>
         <run_address>0x4bd5</run_address>
         <size>0x140</size>
         <input_file_ref idref="fl-5"/>
      </object_component>
      <object_component id="oc-18d">
         <name>.debug_info</name>
         <load_address>0x4d15</load_address>
         <run_address>0x4d15</run_address>
         <size>0x1c1</size>
         <input_file_ref idref="fl-5"/>
      </object_component>
      <object_component id="oc-179">
         <name>.debug_info</name>
         <load_address>0x4ed6</load_address>
         <run_address>0x4ed6</run_address>
         <size>0x160</size>
         <input_file_ref idref="fl-5"/>
      </object_component>
      <object_component id="oc-17f">
         <name>.debug_info</name>
         <load_address>0x5036</load_address>
         <run_address>0x5036</run_address>
         <size>0x213</size>
         <input_file_ref idref="fl-5"/>
      </object_component>
      <object_component id="oc-13d">
         <name>.debug_info</name>
         <load_address>0x5249</load_address>
         <run_address>0x5249</run_address>
         <size>0x100</size>
         <input_file_ref idref="fl-5"/>
      </object_component>
      <object_component id="oc-ea">
         <name>.debug_info</name>
         <load_address>0x5349</load_address>
         <run_address>0x5349</run_address>
         <size>0x20e</size>
         <input_file_ref idref="fl-5"/>
      </object_component>
      <object_component id="oc-b1">
         <name>.debug_info</name>
         <load_address>0x5557</load_address>
         <run_address>0x5557</run_address>
         <size>0xec</size>
         <input_file_ref idref="fl-5"/>
      </object_component>
      <object_component id="oc-bd">
         <name>.debug_info</name>
         <load_address>0x5643</load_address>
         <run_address>0x5643</run_address>
         <size>0xf6</size>
         <input_file_ref idref="fl-5"/>
      </object_component>
      <object_component id="oc-193">
         <name>.debug_info</name>
         <load_address>0x5739</load_address>
         <run_address>0x5739</run_address>
         <size>0x8b</size>
         <input_file_ref idref="fl-5"/>
      </object_component>
      <object_component id="oc-151">
         <name>.debug_info</name>
         <load_address>0x57c4</load_address>
         <run_address>0x57c4</run_address>
         <size>0x5e0</size>
         <input_file_ref idref="fl-6"/>
      </object_component>
      <object_component id="oc-33b">
         <name>.debug_info</name>
         <load_address>0x5da4</load_address>
         <run_address>0x5da4</run_address>
         <size>0xb2</size>
         <input_file_ref idref="fl-6"/>
      </object_component>
      <object_component id="oc-2cf">
         <name>.debug_info</name>
         <load_address>0x5e56</load_address>
         <run_address>0x5e56</run_address>
         <size>0xb6</size>
         <input_file_ref idref="fl-6"/>
      </object_component>
      <object_component id="oc-2cc">
         <name>.debug_info</name>
         <load_address>0x5f0c</load_address>
         <run_address>0x5f0c</run_address>
         <size>0xb8</size>
         <input_file_ref idref="fl-6"/>
      </object_component>
      <object_component id="oc-2c3">
         <name>.debug_info</name>
         <load_address>0x5fc4</load_address>
         <run_address>0x5fc4</run_address>
         <size>0xb8</size>
         <input_file_ref idref="fl-6"/>
      </object_component>
      <object_component id="oc-317">
         <name>.debug_info</name>
         <load_address>0x607c</load_address>
         <run_address>0x607c</run_address>
         <size>0xb8</size>
         <input_file_ref idref="fl-6"/>
      </object_component>
      <object_component id="oc-300">
         <name>.debug_info</name>
         <load_address>0x6134</load_address>
         <run_address>0x6134</run_address>
         <size>0xb8</size>
         <input_file_ref idref="fl-6"/>
      </object_component>
      <object_component id="oc-309">
         <name>.debug_info</name>
         <load_address>0x61ec</load_address>
         <run_address>0x61ec</run_address>
         <size>0xb8</size>
         <input_file_ref idref="fl-6"/>
      </object_component>
      <object_component id="oc-30c">
         <name>.debug_info</name>
         <load_address>0x62a4</load_address>
         <run_address>0x62a4</run_address>
         <size>0xb8</size>
         <input_file_ref idref="fl-6"/>
      </object_component>
      <object_component id="oc-2bf">
         <name>.debug_info</name>
         <load_address>0x635c</load_address>
         <run_address>0x635c</run_address>
         <size>0xe3</size>
         <input_file_ref idref="fl-6"/>
      </object_component>
      <object_component id="oc-26f">
         <name>.debug_info</name>
         <load_address>0x643f</load_address>
         <run_address>0x643f</run_address>
         <size>0x102</size>
         <input_file_ref idref="fl-6"/>
      </object_component>
      <object_component id="oc-2c6">
         <name>.debug_info</name>
         <load_address>0x6541</load_address>
         <run_address>0x6541</run_address>
         <size>0x15d</size>
         <input_file_ref idref="fl-6"/>
      </object_component>
      <object_component id="oc-25b">
         <name>.debug_info</name>
         <load_address>0x669e</load_address>
         <run_address>0x669e</run_address>
         <size>0x174</size>
         <input_file_ref idref="fl-6"/>
      </object_component>
      <object_component id="oc-261">
         <name>.debug_info</name>
         <load_address>0x6812</load_address>
         <run_address>0x6812</run_address>
         <size>0x416</size>
         <input_file_ref idref="fl-6"/>
      </object_component>
      <object_component id="oc-24d">
         <name>.debug_info</name>
         <load_address>0x6c28</load_address>
         <run_address>0x6c28</run_address>
         <size>0x204</size>
         <input_file_ref idref="fl-6"/>
      </object_component>
      <object_component id="oc-289">
         <name>.debug_info</name>
         <load_address>0x6e2c</load_address>
         <run_address>0x6e2c</run_address>
         <size>0xf0</size>
         <input_file_ref idref="fl-7"/>
      </object_component>
      <object_component id="oc-310">
         <name>.debug_info</name>
         <load_address>0x6f1c</load_address>
         <run_address>0x6f1c</run_address>
         <size>0x10a</size>
         <input_file_ref idref="fl-7"/>
      </object_component>
      <object_component id="oc-268">
         <name>.debug_info</name>
         <load_address>0x7026</load_address>
         <run_address>0x7026</run_address>
         <size>0x11e</size>
         <input_file_ref idref="fl-7"/>
      </object_component>
      <object_component id="oc-368">
         <name>.debug_info</name>
         <load_address>0x7144</load_address>
         <run_address>0x7144</run_address>
         <size>0x2e9</size>
         <input_file_ref idref="fl-e"/>
      </object_component>
      <object_component id="oc-303">
         <name>.debug_info</name>
         <load_address>0x742d</load_address>
         <run_address>0x742d</run_address>
         <size>0x25f</size>
         <input_file_ref idref="fl-e"/>
      </object_component>
      <object_component id="oc-22b">
         <name>.debug_info</name>
         <load_address>0x768c</load_address>
         <run_address>0x768c</run_address>
         <size>0x3b8</size>
         <input_file_ref idref="fl-f"/>
      </object_component>
      <object_component id="oc-157">
         <name>.debug_info</name>
         <load_address>0x7a44</load_address>
         <run_address>0x7a44</run_address>
         <size>0x17b</size>
         <input_file_ref idref="fl-f"/>
      </object_component>
      <object_component id="oc-15d">
         <name>.debug_info</name>
         <load_address>0x7bbf</load_address>
         <run_address>0x7bbf</run_address>
         <size>0x1a2</size>
         <input_file_ref idref="fl-f"/>
      </object_component>
      <object_component id="oc-167">
         <name>.debug_info</name>
         <load_address>0x7d61</load_address>
         <run_address>0x7d61</run_address>
         <size>0x159</size>
         <input_file_ref idref="fl-f"/>
      </object_component>
      <object_component id="oc-247">
         <name>.debug_info</name>
         <load_address>0x7eba</load_address>
         <run_address>0x7eba</run_address>
         <size>0x195</size>
         <input_file_ref idref="fl-f"/>
      </object_component>
      <object_component id="oc-16f">
         <name>.debug_info</name>
         <load_address>0x804f</load_address>
         <run_address>0x804f</run_address>
         <size>0x177</size>
         <input_file_ref idref="fl-f"/>
      </object_component>
      <object_component id="oc-2b5">
         <name>.debug_info</name>
         <load_address>0x81c6</load_address>
         <run_address>0x81c6</run_address>
         <size>0x258</size>
         <input_file_ref idref="fl-10"/>
      </object_component>
      <object_component id="oc-328">
         <name>.debug_info</name>
         <load_address>0x841e</load_address>
         <run_address>0x841e</run_address>
         <size>0x18b</size>
         <input_file_ref idref="fl-10"/>
      </object_component>
      <object_component id="oc-373">
         <name>.debug_info</name>
         <load_address>0x85a9</load_address>
         <run_address>0x85a9</run_address>
         <size>0x1c5</size>
         <input_file_ref idref="fl-10"/>
      </object_component>
      <object_component id="oc-22e">
         <name>.debug_info</name>
         <load_address>0x876e</load_address>
         <run_address>0x876e</run_address>
         <size>0x183</size>
         <input_file_ref idref="fl-10"/>
      </object_component>
      <object_component id="oc-23c">
         <name>.debug_info</name>
         <load_address>0x88f1</load_address>
         <run_address>0x88f1</run_address>
         <size>0x17b</size>
         <input_file_ref idref="fl-10"/>
      </object_component>
      <object_component id="oc-238">
         <name>.debug_info</name>
         <load_address>0x8a6c</load_address>
         <run_address>0x8a6c</run_address>
         <size>0x1f8</size>
         <input_file_ref idref="fl-11"/>
      </object_component>
      <object_component id="oc-234">
         <name>.debug_info</name>
         <load_address>0x8c64</load_address>
         <run_address>0x8c64</run_address>
         <size>0xdc</size>
         <input_file_ref idref="fl-11"/>
      </object_component>
      <object_component id="oc-163">
         <name>.debug_info</name>
         <load_address>0x8d40</load_address>
         <run_address>0x8d40</run_address>
         <size>0xd9</size>
         <input_file_ref idref="fl-11"/>
      </object_component>
      <object_component id="oc-378">
         <name>.debug_info</name>
         <load_address>0x8e19</load_address>
         <run_address>0x8e19</run_address>
         <size>0x398</size>
         <input_file_ref idref="fl-12"/>
      </object_component>
      <object_component id="oc-323">
         <name>.debug_info</name>
         <load_address>0x91b1</load_address>
         <run_address>0x91b1</run_address>
         <size>0x1da</size>
         <input_file_ref idref="fl-12"/>
      </object_component>
      <object_component id="oc-32d">
         <name>.debug_info</name>
         <load_address>0x938b</load_address>
         <run_address>0x938b</run_address>
         <size>0x317</size>
         <input_file_ref idref="fl-13"/>
      </object_component>
      <object_component id="oc-31c">
         <name>.debug_info</name>
         <load_address>0x96a2</load_address>
         <run_address>0x96a2</run_address>
         <size>0x175</size>
         <input_file_ref idref="fl-13"/>
      </object_component>
      <object_component id="oc-278">
         <name>.debug_info</name>
         <load_address>0x9817</load_address>
         <run_address>0x9817</run_address>
         <size>0x446</size>
         <input_file_ref idref="fl-13"/>
      </object_component>
      <object_component id="oc-29e">
         <name>.debug_info</name>
         <load_address>0x9c5d</load_address>
         <run_address>0x9c5d</run_address>
         <size>0xfd</size>
         <input_file_ref idref="fl-3d"/>
      </object_component>
      <object_component id="oc-8e">
         <name>.debug_info</name>
         <load_address>0x9d5a</load_address>
         <run_address>0x9d5a</run_address>
         <size>0xd6</size>
         <input_file_ref idref="fl-3e"/>
      </object_component>
      <object_component id="oc-6a">
         <name>.debug_info</name>
         <load_address>0x9e30</load_address>
         <run_address>0x9e30</run_address>
         <size>0x177</size>
         <input_file_ref idref="fl-3f"/>
      </object_component>
      <object_component id="oc-9d">
         <name>.debug_info</name>
         <load_address>0x9fa7</load_address>
         <run_address>0x9fa7</run_address>
         <size>0x193</size>
         <input_file_ref idref="fl-40"/>
      </object_component>
      <object_component id="oc-33">
         <name>.debug_info</name>
         <load_address>0xa13a</load_address>
         <run_address>0xa13a</run_address>
         <size>0x1c0</size>
         <input_file_ref idref="fl-40"/>
      </object_component>
      <object_component id="oc-98">
         <name>.debug_info</name>
         <load_address>0xa2fa</load_address>
         <run_address>0xa2fa</run_address>
         <size>0x46</size>
         <input_file_ref idref="fl-40"/>
      </object_component>
      <object_component id="oc-10b">
         <name>.debug_info</name>
         <load_address>0xa340</load_address>
         <run_address>0xa340</run_address>
         <size>0x2c</size>
         <input_file_ref idref="fl-40"/>
      </object_component>
      <object_component id="oc-a5">
         <name>.debug_info</name>
         <load_address>0xa36c</load_address>
         <run_address>0xa36c</run_address>
         <size>0x155</size>
         <input_file_ref idref="fl-41"/>
      </object_component>
      <object_component id="oc-9f">
         <name>.debug_info</name>
         <load_address>0xa4c1</load_address>
         <run_address>0xa4c1</run_address>
         <size>0x21b</size>
         <input_file_ref idref="fl-41"/>
      </object_component>
      <object_component id="oc-39">
         <name>.debug_info</name>
         <load_address>0xa6dc</load_address>
         <run_address>0xa6dc</run_address>
         <size>0x192</size>
         <input_file_ref idref="fl-41"/>
      </object_component>
      <object_component id="oc-a6">
         <name>.debug_info</name>
         <load_address>0xa86e</load_address>
         <run_address>0xa86e</run_address>
         <size>0x39</size>
         <input_file_ref idref="fl-41"/>
      </object_component>
      <object_component id="oc-c8">
         <name>.debug_info</name>
         <load_address>0xa8a7</load_address>
         <run_address>0xa8a7</run_address>
         <size>0x14b</size>
         <input_file_ref idref="fl-42"/>
      </object_component>
      <object_component id="oc-4c">
         <name>.debug_info</name>
         <load_address>0xa9f2</load_address>
         <run_address>0xa9f2</run_address>
         <size>0x196</size>
         <input_file_ref idref="fl-42"/>
      </object_component>
      <object_component id="oc-c3">
         <name>.debug_info</name>
         <load_address>0xab88</load_address>
         <run_address>0xab88</run_address>
         <size>0x46</size>
         <input_file_ref idref="fl-42"/>
      </object_component>
      <object_component id="oc-106">
         <name>.debug_info</name>
         <load_address>0xabce</load_address>
         <run_address>0xabce</run_address>
         <size>0x2c</size>
         <input_file_ref idref="fl-42"/>
      </object_component>
      <object_component id="oc-33e">
         <name>.debug_info</name>
         <load_address>0xabfa</load_address>
         <run_address>0xabfa</run_address>
         <size>0xfe</size>
         <input_file_ref idref="fl-44"/>
      </object_component>
      <object_component id="oc-2f8">
         <name>.debug_info</name>
         <load_address>0xacf8</load_address>
         <run_address>0xacf8</run_address>
         <size>0x100</size>
         <input_file_ref idref="fl-46"/>
      </object_component>
      <object_component id="oc-113">
         <name>.debug_info</name>
         <load_address>0xadf8</load_address>
         <run_address>0xadf8</run_address>
         <size>0x10b</size>
         <input_file_ref idref="fl-47"/>
      </object_component>
      <object_component id="oc-f2">
         <name>.debug_info</name>
         <load_address>0xaf03</load_address>
         <run_address>0xaf03</run_address>
         <size>0xf8</size>
         <input_file_ref idref="fl-48"/>
      </object_component>
      <object_component id="oc-ac">
         <name>.debug_info</name>
         <load_address>0xaffb</load_address>
         <run_address>0xaffb</run_address>
         <size>0xec</size>
         <input_file_ref idref="fl-54"/>
      </object_component>
      <object_component id="oc-283">
         <name>.debug_info</name>
         <load_address>0xb0e7</load_address>
         <run_address>0xb0e7</run_address>
         <size>0xfd</size>
         <input_file_ref idref="fl-55"/>
      </object_component>
      <object_component id="oc-35d">
         <name>.debug_info</name>
         <load_address>0xb1e4</load_address>
         <run_address>0xb1e4</run_address>
         <size>0x103</size>
         <input_file_ref idref="fl-56"/>
      </object_component>
      <object_component id="oc-27d">
         <name>.debug_info</name>
         <load_address>0xb2e7</load_address>
         <run_address>0xb2e7</run_address>
         <size>0xfd</size>
         <input_file_ref idref="fl-57"/>
      </object_component>
      <object_component id="oc-2a2">
         <name>.debug_info</name>
         <load_address>0xb3e4</load_address>
         <run_address>0xb3e4</run_address>
         <size>0x103</size>
         <input_file_ref idref="fl-58"/>
      </object_component>
      <object_component id="oc-105">
         <name>.debug_info</name>
         <load_address>0xb4e7</load_address>
         <run_address>0xb4e7</run_address>
         <size>0x14e</size>
         <input_file_ref idref="fl-59"/>
      </object_component>
      <object_component id="oc-92">
         <name>.debug_info</name>
         <load_address>0xb635</load_address>
         <run_address>0xb635</run_address>
         <size>0x172</size>
         <input_file_ref idref="fl-59"/>
      </object_component>
      <object_component id="oc-2ab">
         <name>.debug_info</name>
         <load_address>0xb7a7</load_address>
         <run_address>0xb7a7</run_address>
         <size>0xfe</size>
         <input_file_ref idref="fl-5b"/>
      </object_component>
      <object_component id="oc-2f3">
         <name>.debug_info</name>
         <load_address>0xb8a5</load_address>
         <run_address>0xb8a5</run_address>
         <size>0xfe</size>
         <input_file_ref idref="fl-5c"/>
      </object_component>
      <object_component id="oc-ca">
         <name>.debug_info</name>
         <load_address>0xb9a3</load_address>
         <run_address>0xb9a3</run_address>
         <size>0x129</size>
         <input_file_ref idref="fl-5d"/>
      </object_component>
      <object_component id="oc-12a">
         <name>.debug_info</name>
         <load_address>0xbacc</load_address>
         <run_address>0xbacc</run_address>
         <size>0x2ca</size>
         <input_file_ref idref="fl-60"/>
      </object_component>
      <object_component id="oc-d0">
         <name>.debug_info</name>
         <load_address>0xbd96</load_address>
         <run_address>0xbd96</run_address>
         <size>0x17c</size>
         <input_file_ref idref="fl-60"/>
      </object_component>
      <object_component id="oc-1a2">
         <name>.debug_info</name>
         <load_address>0xbf12</load_address>
         <run_address>0xbf12</run_address>
         <size>0x39</size>
         <input_file_ref idref="fl-60"/>
      </object_component>
      <object_component id="oc-3c1">
         <name>.debug_info</name>
         <load_address>0xbf4b</load_address>
         <run_address>0xbf4b</run_address>
         <size>0x8a</size>
      </object_component>
      <object_component id="oc-299">
         <name>.debug_line</name>
         <load_address>0x0</load_address>
         <run_address>0x0</run_address>
         <size>0x111</size>
         <input_file_ref idref="fl-2"/>
      </object_component>
      <object_component id="oc-229">
         <name>.debug_line</name>
         <load_address>0x111</load_address>
         <run_address>0x111</run_address>
         <size>0x43</size>
         <input_file_ref idref="fl-2"/>
      </object_component>
      <object_component id="oc-146">
         <name>.debug_line</name>
         <load_address>0x154</load_address>
         <run_address>0x154</run_address>
         <size>0x85</size>
         <input_file_ref idref="fl-2"/>
      </object_component>
      <object_component id="oc-1e5">
         <name>.debug_line</name>
         <load_address>0x1d9</load_address>
         <run_address>0x1d9</run_address>
         <size>0x82</size>
         <input_file_ref idref="fl-2"/>
      </object_component>
      <object_component id="oc-14c">
         <name>.debug_line</name>
         <load_address>0x25b</load_address>
         <run_address>0x25b</run_address>
         <size>0x64</size>
         <input_file_ref idref="fl-2"/>
      </object_component>
      <object_component id="oc-1fc">
         <name>.debug_line</name>
         <load_address>0x2bf</load_address>
         <run_address>0x2bf</run_address>
         <size>0x5c</size>
         <input_file_ref idref="fl-2"/>
      </object_component>
      <object_component id="oc-202">
         <name>.debug_line</name>
         <load_address>0x31b</load_address>
         <run_address>0x31b</run_address>
         <size>0xe9</size>
         <input_file_ref idref="fl-2"/>
      </object_component>
      <object_component id="oc-208">
         <name>.debug_line</name>
         <load_address>0x404</load_address>
         <run_address>0x404</run_address>
         <size>0x67</size>
         <input_file_ref idref="fl-2"/>
      </object_component>
      <object_component id="oc-20e">
         <name>.debug_line</name>
         <load_address>0x46b</load_address>
         <run_address>0x46b</run_address>
         <size>0x67</size>
         <input_file_ref idref="fl-2"/>
      </object_component>
      <object_component id="oc-214">
         <name>.debug_line</name>
         <load_address>0x4d2</load_address>
         <run_address>0x4d2</run_address>
         <size>0x6f</size>
         <input_file_ref idref="fl-2"/>
      </object_component>
      <object_component id="oc-21a">
         <name>.debug_line</name>
         <load_address>0x541</load_address>
         <run_address>0x541</run_address>
         <size>0x59</size>
         <input_file_ref idref="fl-2"/>
      </object_component>
      <object_component id="oc-220">
         <name>.debug_line</name>
         <load_address>0x59a</load_address>
         <run_address>0x59a</run_address>
         <size>0x54</size>
         <input_file_ref idref="fl-2"/>
      </object_component>
      <object_component id="oc-226">
         <name>.debug_line</name>
         <load_address>0x5ee</load_address>
         <run_address>0x5ee</run_address>
         <size>0x5c</size>
         <input_file_ref idref="fl-2"/>
      </object_component>
      <object_component id="oc-1f4">
         <name>.debug_line</name>
         <load_address>0x64a</load_address>
         <run_address>0x64a</run_address>
         <size>0x3f</size>
         <input_file_ref idref="fl-2"/>
      </object_component>
      <object_component id="oc-102">
         <name>.debug_line</name>
         <load_address>0x689</load_address>
         <run_address>0x689</run_address>
         <size>0x20</size>
[...]
         <object_component_ref idref="oc-22c"/>
      </symbol>
      <symbol id="sm-38b">
         <name>Graphics_drawHorizontalLineOnDisplay</name>
         <value>0xe2ac</value>
         <object_component_ref idref="oc-371"/>
      </symbol>
      <symbol id="sm-39b">
         <name>g_sFontCm16b</name>
         <value>0xeb78</value>
         <object_component_ref idref="oc-162"/>
      </symbol>
      <symbol id="sm-3b2">
         <name>Graphics_drawLineH</name>
         <value>0xd5d4</value>
         <object_component_ref idref="oc-320"/>
      </symbol>
      <symbol id="sm-408">
         <name>Graphics_drawString</name>
         <value>0xc000</value>
         <object_component_ref idref="oc-276"/>
      </symbol>
      <symbol id="sm-410">
         <name>__mspabi_srai</name>
         <value>0xe182</value>
         <object_component_ref idref="oc-29c"/>
      </symbol>
      <symbol id="sm-411">
         <name>__mspabi_srai_8</name>
         <value>0xe19c</value>
         <object_component_ref idref="oc-29c"/>
      </symbol>
      <symbol id="sm-412">
         <name>__mspabi_srai_9</name>
         <value>0xe19a</value>
         <object_component_ref idref="oc-29c"/>
      </symbol>
      <symbol id="sm-413">
         <name>__mspabi_srai_6</name>
         <value>0xe1a0</value>
         <object_component_ref idref="oc-29c"/>
      </symbol>
      <symbol id="sm-414">
         <name>__mspabi_srai_7</name>
         <value>0xe19e</value>
         <object_component_ref idref="oc-29c"/>
      </symbol>
      <symbol id="sm-415">
         <name>__mspabi_srai_4</name>
         <value>0xe1a4</value>
         <object_component_ref idref="oc-29c"/>
      </symbol>
      <symbol id="sm-416">
         <name>__mspabi_srai_5</name>
         <value>0xe1a2</value>
         <object_component_ref idref="oc-29c"/>
      </symbol>
      <symbol id="sm-417">
         <name>__mspabi_srai_2</name>
         <value>0xe1a8</value>
         <object_component_ref idref="oc-29c"/>
      </symbol>
      <symbol id="sm-418">
         <name>__mspabi_srai_3</name>
         <value>0xe1a6</value>
         <object_component_ref idref="oc-29c"/>
      </symbol>
      <symbol id="sm-419">
         <name>__mspabi_srai_1</name>
         <value>0xe1aa</value>
         <object_component_ref idref="oc-29c"/>
      </symbol>
      <symbol id="sm-41a">
         <name>__mspabi_srai_15</name>
         <value>0xe18e</value>
         <object_component_ref idref="oc-29c"/>
      </symbol>
      <symbol id="sm-41b">
         <name>__mspabi_srai_14</name>
         <value>0xe190</value>
         <object_component_ref idref="oc-29c"/>
      </symbol>
      <symbol id="sm-41c">
         <name>__mspabi_srai_13</name>
         <value>0xe192</value>
         <object_component_ref idref="oc-29c"/>
      </symbol>
      <symbol id="sm-41d">
         <name>__mspabi_srai_12</name>
         <value>0xe194</value>
         <object_component_ref idref="oc-29c"/>
      </symbol>
      <symbol id="sm-41e">
         <name>__mspabi_srai_11</name>
         <value>0xe196</value>
         <object_component_ref idref="oc-29c"/>
      </symbol>
      <symbol id="sm-41f">
         <name>__mspabi_srai_10</name>
         <value>0xe198</value>
         <object_component_ref idref="oc-29c"/>
      </symbol>
      <symbol id="sm-428">
         <name>_stack</name>
         <value>0x3b0</value>
         <object_component_ref idref="oc-8d"/>
      </symbol>
      <symbol id="sm-429">
         <name>_reset_vector</name>
         <value>0xfffe</value>
         <object_component_ref idref="oc-90"/>
      </symbol>
      <symbol id="sm-434">
         <name>_c_int00_noargs_noexit</name>
         <value>0xe292</value>
         <object_component_ref idref="oc-69"/>
      </symbol>
      <symbol id="sm-44a">
         <name>__TI_decompress_none</name>
         <value>0xe362</value>
         <object_component_ref idref="oc-32"/>
      </symbol>
      <symbol id="sm-46c">
         <name>__TI_decompress_rle24</name>
         <value>0xe412</value>
         <object_component_ref idref="oc-38"/>
      </symbol>
      <symbol id="sm-484">
         <name>__TI_zero_init</name>
         <value>0xe33a</value>
         <object_component_ref idref="oc-4b"/>
      </symbol>
      <symbol id="sm-48f">
         <name>__mspabi_remu</name>
         <value>0xe324</value>
         <object_component_ref idref="oc-33d"/>
      </symbol>
      <symbol id="sm-490">
         <name>__mspabi_divu</name>
         <value>0xe324</value>
         <object_component_ref idref="oc-33d"/>
      </symbol>
      <symbol id="sm-4a1">
         <name>__mspabi_remul</name>
         <value>0xdcd0</value>
         <object_component_ref idref="oc-2f7"/>
      </symbol>
      <symbol id="sm-4a2">
         <name>__mspabi_divul</name>
         <value>0xdcd0</value>
         <object_component_ref idref="oc-2f7"/>
      </symbol>
      <symbol id="sm-4ab">
         <name>__mspabi_func_epilog_2</name>
         <value>0xe3c0</value>
         <object_component_ref idref="oc-112"/>
      </symbol>
      <symbol id="sm-4ac">
         <name>__mspabi_func_epilog_3</name>
         <value>0xe3be</value>
         <object_component_ref idref="oc-112"/>
      </symbol>
      <symbol id="sm-4ad">
         <name>__mspabi_func_epilog_1</name>
         <value>0xe3c2</value>
         <object_component_ref idref="oc-112"/>
      </symbol>
      <symbol id="sm-4ae">
         <name>__mspabi_func_epilog_6</name>
         <value>0xe3b8</value>
         <object_component_ref idref="oc-112"/>
      </symbol>
      <symbol id="sm-4af">
         <name>__mspabi_func_epilog_7</name>
         <value>0xe3b6</value>
         <object_component_ref idref="oc-112"/>
      </symbol>
      <symbol id="sm-4b0">
         <name>__mspabi_func_epilog_4</name>
         <value>0xe3bc</value>
         <object_component_ref idref="oc-112"/>
      </symbol>
      <symbol id="sm-4b1">
         <name>__mspabi_func_epilog_5</name>
         <value>0xe3ba</value>
         <object_component_ref idref="oc-112"/>
      </symbol>
      <symbol id="sm-4bc">
         <name>C$$EXIT</name>
         <value>0xe41c</value>
         <object_component_ref idref="oc-f1"/>
      </symbol>
      <symbol id="sm-4bd">
         <name>abort</name>
         <value>0xe41c</value>
         <object_component_ref idref="oc-f1"/>
      </symbol>
      <symbol id="sm-4c1">
         <name>__TI_int00</name>
         <value>0xffe0</value>
         <object_component_ref idref="oc-3e"/>
      </symbol>
      <symbol id="sm-4c4">
         <name>__TI_int02</name>
         <value>0xffe4</value>
         <object_component_ref idref="oc-3f"/>
      </symbol>
      <symbol id="sm-4c7">
         <name>__TI_int03</name>
         <value>0xffe6</value>
         <object_component_ref idref="oc-40"/>
      </symbol>
      <symbol id="sm-4ca">
         <name>__TI_int07</name>
         <value>0xffee</value>
         <object_component_ref idref="oc-43"/>
      </symbol>
      <symbol id="sm-4cd">
         <name>__TI_int08</name>
         <value>0xfff0</value>
         <object_component_ref idref="oc-44"/>
      </symbol>
      <symbol id="sm-4d0">
         <name>__TI_int09</name>
         <value>0xfff2</value>
         <object_component_ref idref="oc-45"/>
      </symbol>
      <symbol id="sm-4d3">
         <name>__TI_int10</name>
         <value>0xfff4</value>
         <object_component_ref idref="oc-46"/>
      </symbol>
      <symbol id="sm-4d6">
         <name>__TI_int11</name>
         <value>0xfff6</value>
         <object_component_ref idref="oc-47"/>
      </symbol>
      <symbol id="sm-4d9">
         <name>__TI_int12</name>
         <value>0xfff8</value>
         <object_component_ref idref="oc-48"/>
      </symbol>
      <symbol id="sm-4dc">
         <name>__TI_int14</name>
         <value>0xfffc</value>
         <object_component_ref idref="oc-4a"/>
      </symbol>
      <symbol id="sm-4e4">
         <name>__TI_ISR_TRAP</name>
         <value>0xe40c</value>
         <object_component_ref idref="oc-ab"/>
      </symbol>
      <symbol id="sm-4ec">
         <name>__mspabi_slli</name>
         <value>0xe1ae</value>
         <object_component_ref idref="oc-282"/>
      </symbol>
      <symbol id="sm-4ed">
         <name>__mspabi_slli_9</name>
         <value>0xe1c6</value>
         <object_component_ref idref="oc-282"/>
      </symbol>
      <symbol id="sm-4ee">
         <name>__mspabi_slli_8</name>
         <value>0xe1c8</value>
         <object_component_ref idref="oc-282"/>
      </symbol>
      <symbol id="sm-4ef">
         <name>__mspabi_slli_7</name>
         <value>0xe1ca</value>
         <object_component_ref idref="oc-282"/>
      </symbol>
      <symbol id="sm-4f0">
         <name>__mspabi_slli_6</name>
         <value>0xe1cc</value>
         <object_component_ref idref="oc-282"/>
      </symbol>
      <symbol id="sm-4f1">
         <name>__mspabi_slli_5</name>
         <value>0xe1ce</value>
         <object_component_ref idref="oc-282"/>
      </symbol>
      <symbol id="sm-4f2">
         <name>__mspabi_slli_4</name>
         <value>0xe1d0</value>
         <object_component_ref idref="oc-282"/>
      </symbol>
      <symbol id="sm-4f3">
         <name>__mspabi_slli_3</name>
         <value>0xe1d2</value>
         <object_component_ref idref="oc-282"/>
      </symbol>
      <symbol id="sm-4f4">
         <name>__mspabi_slli_2</name>
         <value>0xe1d4</value>
         <object_component_ref idref="oc-282"/>
      </symbol>
      <symbol id="sm-4f5">
         <name>__mspabi_slli_1</name>
         <value>0xe1d6</value>
         <object_component_ref idref="oc-282"/>
      </symbol>
      <symbol id="sm-4f6">
         <name>__mspabi_slli_15</name>
         <value>0xe1ba</value>
         <object_component_ref idref="oc-282"/>
      </symbol>
      <symbol id="sm-4f7">
         <name>__mspabi_slli_14</name>
         <value>0xe1bc</value>
         <object_component_ref idref="oc-282"/>
      </symbol>
      <symbol id="sm-4f8">
         <name>__mspabi_slli_13</name>
         <value>0xe1be</value>
         <object_component_ref idref="oc-282"/>
      </symbol>
      <symbol id="sm-4f9">
         <name>__mspabi_slli_12</name>
         <value>0xe1c0</value>
         <object_component_ref idref="oc-282"/>
      </symbol>
      <symbol id="sm-4fa">
         <name>__mspabi_slli_11</name>
         <value>0xe1c2</value>
         <object_component_ref idref="oc-282"/>
      </symbol>
      <symbol id="sm-4fb">
         <name>__mspabi_slli_10</name>
         <value>0xe1c4</value>
         <object_component_ref idref="oc-282"/>
      </symbol>
      <symbol id="sm-503">
         <name>__mspabi_slll_9</name>
         <value>0xdff4</value>
         <object_component_ref idref="oc-35c"/>
      </symbol>
      <symbol id="sm-504">
         <name>__mspabi_slll_8</name>
         <value>0xdff8</value>
         <object_component_ref idref="oc-35c"/>
      </symbol>
      <symbol id="sm-505">
         <name>__mspabi_slll_7</name>
         <value>0xdffc</value>
         <object_component_ref idref="oc-35c"/>
      </symbol>
      <symbol id="sm-506">
         <name>__mspabi_slll_6</name>
         <value>0xe000</value>
         <object_component_ref idref="oc-35c"/>
      </symbol>
      <symbol id="sm-507">
         <name>__mspabi_slll_5</name>
         <value>0xe004</value>
         <object_component_ref idref="oc-35c"/>
      </symbol>
      <symbol id="sm-508">
         <name>__mspabi_slll_4</name>
         <value>0xe008</value>
         <object_component_ref idref="oc-35c"/>
      </symbol>
      <symbol id="sm-509">
         <name>__mspabi_slll_3</name>
         <value>0xe00c</value>
         <object_component_ref idref="oc-35c"/>
      </symbol>
      <symbol id="sm-50a">
         <name>__mspabi_slll_2</name>
         <value>0xe010</value>
         <object_component_ref idref="oc-35c"/>
      </symbol>
      <symbol id="sm-50b">
         <name>__mspabi_slll_1</name>
         <value>0xe014</value>
         <object_component_ref idref="oc-35c"/>
      </symbol>
      <symbol id="sm-50c">
         <name>__mspabi_slll_15</name>
         <value>0xdfdc</value>
         <object_component_ref idref="oc-35c"/>
      </symbol>
      <symbol id="sm-50d">
         <name>__mspabi_slll_14</name>
         <value>0xdfe0</value>
         <object_component_ref idref="oc-35c"/>
      </symbol>
      <symbol id="sm-50e">
         <name>__mspabi_slll_13</name>
         <value>0xdfe4</value>
         <object_component_ref idref="oc-35c"/>
      </symbol>
      <symbol id="sm-50f">
         <name>__mspabi_slll_12</name>
         <value>0xdfe8</value>
         <object_component_ref idref="oc-35c"/>
      </symbol>
      <symbol id="sm-510">
         <name>__mspabi_slll_11</name>
         <value>0xdfec</value>
         <object_component_ref idref="oc-35c"/>
      </symbol>
      <symbol id="sm-511">
         <name>__mspabi_slll_10</name>
         <value>0xdff0</value>
         <object_component_ref idref="oc-35c"/>
      </symbol>
      <symbol id="sm-519">
         <name>__mspabi_srli_8</name>
         <value>0xdda4</value>
         <object_component_ref idref="oc-27c"/>
      </symbol>
      <symbol id="sm-51a">
         <name>__mspabi_srli_9</name>
         <value>0xdda0</value>
         <object_component_ref idref="oc-27c"/>
      </symbol>
      <symbol id="sm-51b">
         <name>__mspabi_srli_6</name>
         <value>0xddac</value>
         <object_component_ref idref="oc-27c"/>
      </symbol>
      <symbol id="sm-51c">
         <name>__mspabi_srli_7</name>
         <value>0xdda8</value>
         <object_component_ref idref="oc-27c"/>
      </symbol>
      <symbol id="sm-51d">
         <name>__mspabi_srli_4</name>
         <value>0xddb4</value>
         <object_component_ref idref="oc-27c"/>
      </symbol>
      <symbol id="sm-51e">
         <name>__mspabi_srli_5</name>
         <value>0xddb0</value>
         <object_component_ref idref="oc-27c"/>
      </symbol>
      <symbol id="sm-51f">
         <name>__mspabi_srli_2</name>
         <value>0xddbc</value>
         <object_component_ref idref="oc-27c"/>
      </symbol>
      <symbol id="sm-520">
         <name>__mspabi_srli_3</name>
         <value>0xddb8</value>
         <object_component_ref idref="oc-27c"/>
      </symbol>
      <symbol id="sm-521">
         <name>__mspabi_srli_1</name>
         <value>0xddc0</value>
         <object_component_ref idref="oc-27c"/>
      </symbol>
      <symbol id="sm-522">
         <name>__mspabi_srli</name>
         <value>0xdd7a</value>
         <object_component_ref idref="oc-27c"/>
      </symbol>
      <symbol id="sm-523">
         <name>__mspabi_srli_15</name>
         <value>0xdd88</value>
         <object_component_ref idref="oc-27c"/>
      </symbol>
      <symbol id="sm-524">
         <name>__mspabi_srli_14</name>
         <value>0xdd8c</value>
         <object_component_ref idref="oc-27c"/>
      </symbol>
      <symbol id="sm-525">
         <name>__mspabi_srli_13</name>
         <value>0xdd90</value>
         <object_component_ref idref="oc-27c"/>
      </symbol>
      <symbol id="sm-526">
         <name>__mspabi_srli_12</name>
         <value>0xdd94</value>
         <object_component_ref idref="oc-27c"/>
      </symbol>
      <symbol id="sm-527">
         <name>__mspabi_srli_11</name>
         <value>0xdd98</value>
         <object_component_ref idref="oc-27c"/>
      </symbol>
      <symbol id="sm-528">
         <name>__mspabi_srli_10</name>
         <value>0xdd9c</value>
         <object_component_ref idref="oc-27c"/>
      </symbol>
      <symbol id="sm-530">
         <name>__mspabi_srll_8</name>
         <value>0xdc46</value>
         <object_component_ref idref="oc-2a1"/>
      </symbol>
      <symbol id="sm-531">
         <name>__mspabi_srll_9</name>
         <value>0xdc40</value>
         <object_component_ref idref="oc-2a1"/>
      </symbol>
      <symbol id="sm-532">
         <name>__mspabi_srll_6</name>
         <value>0xdc52</value>
         <object_component_ref idref="oc-2a1"/>
      </symbol>
      <symbol id="sm-533">
         <name>__mspabi_srll_7</name>
         <value>0xdc4c</value>
         <object_component_ref idref="oc-2a1"/>
      </symbol>
      <symbol id="sm-534">
         <name>__mspabi_srll_4</name>
         <value>0xdc5e</value>
         <object_component_ref idref="oc-2a1"/>
      </symbol>
      <symbol id="sm-535">
         <name>__mspabi_srll_5</name>
         <value>0xdc58</value>
         <object_component_ref idref="oc-2a1"/>
      </symbol>
      <symbol id="sm-536">
         <name>__mspabi_srll_2</name>
         <value>0xdc6a</value>
         <object_component_ref idref="oc-2a1"/>
      </symbol>
      <symbol id="sm-537">
         <name>__mspabi_srll_3</name>
         <value>0xdc64</value>
         <object_component_ref idref="oc-2a1"/>
      </symbol>
      <symbol id="sm-538">
         <name>__mspabi_srll_1</name>
         <value>0xdc70</value>
         <object_component_ref idref="oc-2a1"/>
      </symbol>
      <symbol id="sm-539">
         <name>__mspabi_srll_15</name>
         <value>0xdc1c</value>
         <object_component_ref idref="oc-2a1"/>
      </symbol>
      <symbol id="sm-53a">
         <name>__mspabi_srll_14</name>
         <value>0xdc22</value>
         <object_component_ref idref="oc-2a1"/>
      </symbol>
      <symbol id="sm-53b">
         <name>__mspabi_srll_13</name>
         <value>0xdc28</value>
         <object_component_ref idref="oc-2a1"/>
      </symbol>
      <symbol id="sm-53c">
         <name>__mspabi_srll_12</name>
         <value>0xdc2e</value>
         <object_component_ref idref="oc-2a1"/>
      </symbol>
      <symbol id="sm-53d">
         <name>__mspabi_srll_11</name>
         <value>0xdc34</value>
         <object_component_ref idref="oc-2a1"/>
      </symbol>
      <symbol id="sm-53e">
         <name>__mspabi_srll_10</name>
         <value>0xdc3a</value>
         <object_component_ref idref="oc-2a1"/>
      </symbol>
      <symbol id="sm-54c">
         <name>memcpy</name>
         <value>0xe374</value>
         <object_component_ref idref="oc-91"/>
      </symbol>
      <symbol id="sm-557">
         <name>__mspabi_mpyi_sw</name>
         <value>0xe34e</value>
         <object_component_ref idref="oc-2a9"/>
      </symbol>
      <symbol id="sm-558">
         <name>__mspabi_mpyi</name>
         <value>0xe34e</value>
         <object_component_ref idref="oc-2a9"/>
      </symbol>
      <symbol id="sm-562">
         <name>__mspabi_mpyl_sw</name>
         <value>0xe24c</value>
         <object_component_ref idref="oc-2f2"/>
      </symbol>
      <symbol id="sm-563">
         <name>__mspabi_mpyl</name>
         <value>0xe24c</value>
         <object_component_ref idref="oc-2f2"/>
      </symbol>
      <symbol id="sm-56c">
         <name>_system_pre_init</name>
         <value>0xe418</value>
         <object_component_ref idref="oc-c9"/>
      </symbol>
      <symbol id="sm-586">
         <name>_auto_init</name>
         <value>0xdc78</value>
         <object_component_ref idref="oc-cf"/>
      </symbol>
      <symbol id="sm-589">
         <name>__TI_INITARRAY_Base</name>
         <value>0x0</value>
      </symbol>
      <symbol id="sm-58a">
         <name>__TI_INITARRAY_Limit</name>
         <value>0x0</value>
      </symbol>
   </symbol_table>
   <title>Link successful</title>
</link_info>
